<html>
<body>
<pre>
<h1>µVision Build Log</h1>
<h2>Tool Versions:</h2>
IDE-Version: ¦ÌVision V5.40.0.0
Copyright (C) 2024 ARM Ltd and ARM Germany GmbH. All rights reserved.
License Information: admin admin, 123, LIC=SDA0P-MTBAV-RAPDM-X1IKU-TQ56Z-IS0WN
 
Tool Versions:
Toolchain:       MDK-ARM Plus  Version: 5.14.0.0
Toolchain Path:  C:\Users\Stuwa\AppData\Local\Keil_v5\ARM\ARMCC\Bin
C Compiler:      Armcc.exe V5.05 update 1 (build 106)
Assembler:       Armasm.exe V5.05 update 1 (build 106)
Linker/Locator:  ArmLink.exe V5.05 update 1 (build 106)
Library Manager: ArmAr.exe V5.05 update 1 (build 106)
Hex Converter:   FromElf.exe V5.05 update 1 (build 106)
CPU DLL:         SARMCM3.DLL V5.14.0.0
Dialog DLL:      DCM.DLL V1.13.1.0
Target DLL:      STLink\ST-LINKIII-KEIL_SWO.dll V2.0.14.0_KEIL
Dialog DLL:      TCM.DLL V1.14.4.0
 
<h2>Project:</h2>
D:\Desktop\demo.v0.1.5\USER\TEST.uvprojx
Project File Date:  07/07/2024

<h2>Output:</h2>
*** Using Compiler 'V5.05 update 1 (build 106)', folder: 'C:\Users\Stuwa\AppData\Local\Keil_v5\ARM\ARMCC\Bin'
Build target 'Target 1'
compiling LoRa.c...
..\HARDWARE\Lora\LoRa.c(13): warning:  #177-D: variable "txBuffer" was declared but never referenced
  static uint8_t txBuffer[LORA_TX_BUFFER_SIZE];
..\HARDWARE\Lora\LoRa.c: 1 warning, 0 errors
compiling main.c...
linking...
Program Size: Code=127376 RO-data=100288 RW-data=1324 ZI-data=44220  
FromELF: creating hex file...
"..\OBJ\TEST.axf" - 0 Error(s), 1 Warning(s).

<h2>Software Packages used:</h2>

Package Vendor: Keil
                https://www.keil.com/pack/Keil.STM32F1xx_DFP.2.4.1.pack
                Keil::STM32F1xx_DFP@2.4.1
                STMicroelectronics STM32F1 Series Device Support, Drivers and Examples

<h2>Collection of Component include folders:</h2>
  C:/Users/Stuwa/AppData/Local/Arm/Packs/Keil/STM32F1xx_DFP/2.4.1/Device/Include

<h2>Collection of Component Files used:</h2>
Build Time Elapsed:  00:00:05
</pre>
</body>
</html>
