Component: ARM Compiler 5.05 update 1 (build 106) Tool: armlink [4d0efa]

==============================================================================

Section Cross References

    main.o(i.HardFault_Handler) refers to printf8.o(i.__0printf$8) for __2printf
    main.o(i.main) refers to main.o(i.system_init) for system_init
    main.o(i.main) refers to os_core.o(i.OSInit) for OSInit
    main.o(i.main) refers to os_task.o(i.OSTaskCreate) for OSTaskCreate
    main.o(i.main) refers to os_core.o(i.OSStart) for OSStart
    main.o(i.main) refers to main.o(.bss) for .bss
    main.o(i.main) refers to main.o(i.start_task) for start_task
    main.o(i.main_task) refers to mainui.o(i.mui_init) for mui_init
    main.o(i.main_task) refers to mainui.o(i.mui_touch_chk) for mui_touch_chk
    main.o(i.main_task) refers to ebook.o(i.ebook_play) for ebook_play
    main.o(i.main_task) refers to picviewer.o(i.picviewer_play) for picviewer_play
    main.o(i.main_task) refers to usbplay.o(i.usb_play) for usb_play
    main.o(i.main_task) refers to appplay.o(i.app_play) for app_play
    main.o(i.main_task) refers to calendar.o(i.calendar_play) for calendar_play
    main.o(i.main_task) refers to settings.o(i.sysset_play) for sysset_play
    main.o(i.main_task) refers to paint.o(i.paint_play) for paint_play
    main.o(i.main_task) refers to wirelessplay.o(i.wireless_play) for wireless_play
    main.o(i.main_task) refers to notepad.o(i.notepad_play) for notepad_play
    main.o(i.main_task) refers to mainui.o(i.mui_load_icos) for mui_load_icos
    main.o(i.main_task) refers to delay.o(i.delay_ms) for delay_ms
    main.o(i.main_task) refers to main.o(.data) for .data
    main.o(i.start_task) refers to os_core.o(i.OSStatInit) for OSStatInit
    main.o(i.start_task) refers to common.o(i.app_srand) for app_srand
    main.o(i.start_task) refers to gui.o(i.gui_init) for gui_init
    main.o(i.start_task) refers to piclib.o(i.piclib_init) for piclib_init
    main.o(i.start_task) refers to os_cpu_a.o(.text) for OS_CPU_SR_Save
    main.o(i.start_task) refers to os_task.o(i.OSTaskCreate) for OSTaskCreate
    main.o(i.start_task) refers to os_task.o(i.OSTaskSuspend) for OSTaskSuspend
    main.o(i.start_task) refers to os_core.o(.data) for OSTime
    main.o(i.start_task) refers to main.o(.bss) for .bss
    main.o(i.start_task) refers to main.o(i.main_task) for main_task
    main.o(i.start_task) refers to main.o(i.usart_task) for usart_task
    main.o(i.start_task) refers to main.o(i.watch_task) for watch_task
    main.o(i.system_error_show) refers to lcd.o(i.LCD_ShowString) for LCD_ShowString
    main.o(i.system_error_show) refers to delay.o(i.delay_ms) for delay_ms
    main.o(i.system_error_show) refers to lcd.o(i.LCD_Fill) for LCD_Fill
    main.o(i.system_error_show) refers to lcd.o(.data) for POINT_COLOR
    main.o(i.system_error_show) refers to lcd.o(.bss) for lcddev
    main.o(i.system_files_erase) refers to lcd.o(i.LCD_ShowString) for LCD_ShowString
    main.o(i.system_files_erase) refers to gui.o(i.gui_fill_rectangle) for gui_fill_rectangle
    main.o(i.system_files_erase) refers to key.o(i.KEY_Scan) for KEY_Scan
    main.o(i.system_files_erase) refers to delay.o(i.delay_ms) for delay_ms
    main.o(i.system_files_erase) refers to flash.o(i.SPI_Flash_Erase_Chip) for SPI_Flash_Erase_Chip
    main.o(i.system_files_erase) refers to lcd.o(.data) for POINT_COLOR
    main.o(i.system_files_erase) refers to lcd.o(.bss) for lcddev
    main.o(i.system_font_update_confirm) refers to lcd.o(i.LCD_ShowString) for LCD_ShowString
    main.o(i.system_font_update_confirm) refers to gui.o(i.gui_fill_rectangle) for gui_fill_rectangle
    main.o(i.system_font_update_confirm) refers to key.o(i.KEY_Scan) for KEY_Scan
    main.o(i.system_font_update_confirm) refers to delay.o(i.delay_ms) for delay_ms
    main.o(i.system_font_update_confirm) refers to lcd.o(.data) for POINT_COLOR
    main.o(i.system_font_update_confirm) refers to lcd.o(.bss) for lcddev
    main.o(i.system_init) refers to misc.o(i.NVIC_PriorityGroupConfig) for NVIC_PriorityGroupConfig
    main.o(i.system_init) refers to delay.o(i.delay_init) for delay_init
    main.o(i.system_init) refers to usart.o(i.uart_init) for uart_init
    main.o(i.system_init) refers to lcd.o(i.LCD_Init) for LCD_Init
    main.o(i.system_init) refers to led.o(i.LED_Init) for LED_Init
    main.o(i.system_init) refers to key.o(i.KEY_Init) for KEY_Init
    main.o(i.system_init) refers to gui.o(i.gui_init) for gui_init
    main.o(i.system_init) refers to adc.o(i.Adc_Init) for Adc_Init
    main.o(i.system_init) refers to 24cxx.o(i.AT24CXX_Init) for AT24CXX_Init
    main.o(i.system_init) refers to flash.o(i.SPI_Flash_Init) for SPI_Flash_Init
    main.o(i.system_init) refers to malloc.o(i.mem_init) for mem_init
    main.o(i.system_init) refers to malloc.o(i.mymalloc) for mymalloc
    main.o(i.system_init) refers to exfuns.o(i.exfuns_init) for exfuns_init
[...]
    0x08013b68   0x08013b68   0x0000007c   Code   RO         4685    i.fupd_prog         fontupd.o
    0x08013be4   0x08013be4   0x0000008c   Code   RO         4170    i.gen_numname       ff.o
    0x08013c70   0x08013c70   0x000000be   Code   RO         4171    i.get_fat           ff.o
    0x08013d2e   0x08013d2e   0x00000002   PAD
    0x08013d30   0x08013d30   0x00000040   Code   RO         4055    i.get_fattime       diskio.o
    0x08013d70   0x08013d70   0x000000c2   Code   RO         4172    i.get_fileinfo      ff.o
    0x08013e32   0x08013e32   0x0000003c   Code   RO         4173    i.get_ldnumber      ff.o
    0x08013e6e   0x08013e6e   0x00000002   PAD
    0x08013e70   0x08013e70   0x00000064   Code   RO         6734    i.get_matched_pymb  pyinput.o
    0x08013ed4   0x08013ed4   0x0000004e   Code   RO         4807    i.gif_check_head    gif.o
    0x08013f22   0x08013f22   0x00000002   PAD
    0x08013f24   0x08013f24   0x0000014c   Code   RO         4808    i.gif_clear2bkcolor  gif.o
    0x08014070   0x08014070   0x00000108   Code   RO         4809    i.gif_decode        gif.o
    0x08014178   0x08014178   0x000001a4   Code   RO         4810    i.gif_dispimage     gif.o
    0x0801431c   0x0801431c   0x0000011c   Code   RO         4811    i.gif_drawimage     gif.o
    0x08014438   0x08014438   0x0000003a   Code   RO         4812    i.gif_getdatablock  gif.o
    0x08014472   0x08014472   0x00000036   Code   RO         4813    i.gif_getinfo       gif.o
    0x080144a8   0x080144a8   0x0000023c   Code   RO         4814    i.gif_getnextbyte   gif.o
    0x080146e4   0x080146e4   0x00000124   Code   RO         4815    i.gif_getnextcode   gif.o
    0x08014808   0x08014808   0x00000018   Code   RO         4816    i.gif_getrgb565     gif.o
    0x08014820   0x08014820   0x0000008a   Code   RO         4817    i.gif_initlzw       gif.o
    0x080148aa   0x080148aa   0x0000003a   Code   RO         4819    i.gif_readcolortbl  gif.o
    0x080148e4   0x080148e4   0x00000082   Code   RO         4820    i.gif_readextension  gif.o
    0x08014966   0x08014966   0x00000016   Code   RO         4821    i.gif_recovergctbl  gif.o
    0x0801497c   0x0801497c   0x00000016   Code   RO         4822    i.gif_savegctbl     gif.o
    0x08014992   0x08014992   0x00000002   PAD
    0x08014994   0x08014994   0x00000024   Code   RO         6101    i.gui_alpha_blend565  gui.o
    0x080149b8   0x080149b8   0x00000058   Code   RO         6102    i.gui_alphablend_area  gui.o
    0x08014a10   0x08014a10   0x0000000c   Code   RO         6104    i.gui_disabs        gui.o
    0x08014a1c   0x08014a1c   0x00000078   Code   RO         6105    i.gui_draw_arc      gui.o
    0x08014a94   0x08014a94   0x000001b6   Code   RO         6106    i.gui_draw_arcrectangle  gui.o
    0x08014c4a   0x08014c4a   0x00000002   PAD
    0x08014c4c   0x08014c4c   0x00000050   Code   RO         6107    i.gui_draw_bigpoint  gui.o
    0x08014c9c   0x08014c9c   0x000000c4   Code   RO         6108    i.gui_draw_bline    gui.o
    0x08014d60   0x08014d60   0x00000156   Code   RO         6109    i.gui_draw_bline1   gui.o
    0x08014eb6   0x08014eb6   0x000000d2   Code   RO         6110    i.gui_draw_circle8  gui.o
    0x08014f88   0x08014f88   0x00000030   Code   RO         6112    i.gui_draw_expoint  gui.o
    0x08014fb8   0x08014fb8   0x00000030   Code   RO         6113    i.gui_draw_hline    gui.o
    0x08014fe8   0x08014fe8   0x000000a0   Code   RO         6114    i.gui_draw_icos     gui.o
    0x08015088   0x08015088   0x000000a4   Code   RO         6115    i.gui_draw_icosalpha  gui.o
    0x0801512c   0x0801512c   0x00000046   Code   RO         6117    i.gui_draw_rectangle  gui.o
    0x08015172   0x08015172   0x00000002   PAD
    0x08015174   0x08015174   0x0000006c   Code   RO         6118    i.gui_draw_smooth_rectangle  gui.o
    0x080151e0   0x080151e0   0x00000030   Code   RO         6119    i.gui_draw_vline    gui.o
    0x08015210   0x08015210   0x000000b6   Code   RO         6120    i.gui_fill_circle   gui.o
    0x080152c6   0x080152c6   0x00000002   PAD
    0x080152c8   0x080152c8   0x00000028   Code   RO         6123    i.gui_fill_rectangle  gui.o
    0x080152f0   0x080152f0   0x00000050   Code   RO         6124    i.gui_get_key       gui.o
    0x08015340   0x08015340   0x0000005c   Code   RO         6125    i.gui_get_stringline  gui.o
    0x0801539c   0x0801539c   0x00000080   Code   RO         6126    i.gui_init          gui.o
    0x0801541c   0x0801541c   0x0000000a   Code   RO         6127    i.gui_memex_free    gui.o
    0x08015426   0x08015426   0x00000004   Code   RO         6128    i.gui_memex_malloc  gui.o
    0x0801542a   0x0801542a   0x0000000a   Code   RO         6129    i.gui_memin_free    gui.o
    0x08015434   0x08015434   0x00000004   Code   RO         6130    i.gui_memin_malloc  gui.o
    0x08015438   0x08015438   0x00000004   Code   RO         6131    i.gui_memin_realloc  gui.o
    0x0801543c   0x0801543c   0x0000000e   Code   RO         6132    i.gui_memset        gui.o
    0x0801544a   0x0801544a   0x00000052   Code   RO         6133    i.gui_num2str       gui.o
    0x0801549c   0x0801549c   0x00000028   Code   RO         6134    i.gui_path_name     gui.o
    0x080154c4   0x080154c4   0x00000024   Code   RO         6135    i.gui_pow           gui.o
    0x080154e8   0x080154e8   0x0000001e   Code   RO         6136    i.gui_rgb332torgb565  gui.o
    0x08015506   0x08015506   0x00000002   PAD
    0x08015508   0x08015508   0x000000ac   Code   RO         6137    i.gui_show_num      gui.o
    0x080155b4   0x080155b4   0x00000140   Code   RO         6138    i.gui_show_ptchar   gui.o
    0x080156f4   0x080156f4   0x000000dc   Code   RO         6139    i.gui_show_ptfont   gui.o
    0x080157d0   0x080157d0   0x000000f8   Code   RO         6140    i.gui_show_ptstr    gui.o
    0x080158c8   0x080158c8   0x000000c8   Code   RO         6142    i.gui_show_string   gui.o
    0x08015990   0x08015990   0x00000078   Code   RO         6143    i.gui_show_strmid   gui.o
    0x08015a08   0x08015a08   0x00000068   Code   RO         6144    i.gui_smooth_color  gui.o
    0x08015a70   0x08015a70   0x0000001a   Code   RO         6145    i.gui_string_forwardgbk_count  gui.o
    0x08015a8a   0x08015a8a   0x000000a2   Code   RO         4972    i.huffext           tjpgd.o
    0x08015b2c   0x08015b2c   0x00000024   Code   RO         4916    i.is_element_ok     piclib.o
    0x08015b50   0x08015b50   0x000000e6   Code   RO         4973    i.jd_decomp         tjpgd.o
    0x08015c36   0x08015c36   0x00000002   PAD
    0x08015c38   0x08015c38   0x000002c8   Code   RO         4974    i.jd_prepare        tjpgd.o
    0x08015f00   0x08015f00   0x00000020   Code   RO         4975    i.jpeg_freeall      tjpgd.o
    0x08015f20   0x08015f20   0x00000024   Code   RO         4976    i.jpeg_in_func      tjpgd.o
    0x08015f44   0x08015f44   0x00000034   Code   RO         4977    i.jpeg_mallocall    tjpgd.o
    0x08015f78   0x08015f78   0x0000003c   Code   RO         4978    i.jpeg_out_func_fill  tjpgd.o
    0x08015fb4   0x08015fb4   0x000000a8   Code   RO         4979    i.jpeg_out_func_point  tjpgd.o
    0x0801605c   0x0801605c   0x000000c4   Code   RO         4980    i.jpg_decode        tjpgd.o
    0x08016120   0x08016120   0x00000012   Code   RO         4174    i.ld_clust          ff.o
    0x08016132   0x08016132   0x0000001e   Code   RO         6398    i.list_search       listbox.o
    0x08016150   0x08016150   0x00000060   Code   RO         6400    i.listbox_addlist   listbox.o
    0x080161b0   0x080161b0   0x000003bc   Code   RO         6401    i.listbox_check     listbox.o
    0x0801656c   0x0801656c   0x000000ac   Code   RO         6402    i.listbox_creat     listbox.o
    0x08016618   0x08016618   0x00000030   Code   RO         6403    i.listbox_delete    listbox.o
    0x08016648   0x08016648   0x00000100   Code   RO         6404    i.listbox_draw_list  listbox.o
    0x08016748   0x08016748   0x00000026   Code   RO         6405    i.listbox_draw_listbox  listbox.o
    0x0801676e   0x0801676e   0x00000002   PAD
    0x08016770   0x08016770   0x00000028   Code   RO            2    i.main              main.o
    0x08016798   0x08016798   0x0000006c   Code   RO            3    i.main_task         main.o
    0x08016804   0x08016804   0x00000158   Code   RO         4981    i.mcu_load          tjpgd.o
    0x0801695c   0x0801695c   0x00000308   Code   RO         4982    i.mcu_output        tjpgd.o
    0x08016c64   0x08016c64   0x00000010   Code   RO         4175    i.mem_cpy           ff.o
    0x08016c74   0x08016c74   0x00000040   Code   RO         3977    i.mem_free          malloc.o
    0x08016cb4   0x08016cb4   0x00000028   Code   RO         3978    i.mem_init          malloc.o
    0x08016cdc   0x08016cdc   0x0000005c   Code   RO         3979    i.mem_malloc        malloc.o
    0x08016d38   0x08016d38   0x0000002c   Code   RO         3980    i.mem_perused       malloc.o
    0x08016d64   0x08016d64   0x0000000e   Code   RO         4176    i.mem_set           ff.o
    0x08016d72   0x08016d72   0x000000da   Code   RO         6454    i.memo_add_text     memo.o
    0x08016e4c   0x08016e4c   0x000001a0   Code   RO         6455    i.memo_check        memo.o
    0x08016fec   0x08016fec   0x000000e0   Code   RO         6456    i.memo_creat        memo.o
    0x080170cc   0x080170cc   0x00000038   Code   RO         6457    i.memo_cursor_flash  memo.o
    0x08017104   0x08017104   0x0000009a   Code   RO         6458    i.memo_cursor_set   memo.o
    0x0801719e   0x0801719e   0x00000028   Code   RO         6459    i.memo_delete       memo.o
    0x080171c6   0x080171c6   0x00000002   PAD
    0x080171c8   0x080171c8   0x0000005c   Code   RO         6460    i.memo_draw_cursor  memo.o
    0x08017224   0x08017224   0x0000004e   Code   RO         6461    i.memo_draw_memo    memo.o
    0x08017272   0x08017272   0x00000052   Code   RO         6462    i.memo_draw_text    memo.o
    0x080172c4   0x080172c4   0x00000010   Code   RO         6463    i.memo_get_cursortextpos  memo.o
    0x080172d4   0x080172d4   0x00000010   Code   RO         6464    i.memo_get_cursorxpos  memo.o
    0x080172e4   0x080172e4   0x00000016   Code   RO         6465    i.memo_get_cursorypos  memo.o
    0x080172fa   0x080172fa   0x00000146   Code   RO         6466    i.memo_info_update  memo.o
    0x08017440   0x08017440   0x000000e8   Code   RO         6467    i.memo_show_cursor  memo.o
    0x08017528   0x08017528   0x000002d4   Code   RO         4765    i.minibmp_decode    bmp.o
    0x080177fc   0x080177fc   0x00000032   Code   RO         4177    i.move_window       ff.o
    0x0801782e   0x0801782e   0x00000002   PAD
    0x08017830   0x08017830   0x000000f0   Code   RO         7592    i.mui_init          mainui.o
    0x08017920   0x08017920   0x000000e4   Code   RO         7594    i.mui_load_icos     mainui.o
    0x08017a04   0x08017a04   0x000000e8   Code   RO         7595    i.mui_set_sel       mainui.o
    0x08017aec   0x08017aec   0x00000098   Code   RO         7596    i.mui_touch_chk     mainui.o
    0x08017b84   0x08017b84   0x00000014   Code   RO         3981    i.myfree            malloc.o
    0x08017b98   0x08017b98   0x0000001c   Code   RO         3982    i.mymalloc          malloc.o
    0x08017bb4   0x08017bb4   0x00000010   Code   RO         3983    i.mymemcpy          malloc.o
    0x08017bc4   0x08017bc4   0x0000000c   Code   RO         3984    i.mymemset          malloc.o
    0x08017bd0   0x08017bd0   0x00000034   Code   RO         3985    i.myrealloc         malloc.o
    0x08017c04   0x08017c04   0x0000005c   Code   RO         8001    i.notepad_new_pathname  notepad.o
    0x08017c60   0x08017c60   0x000004a0   Code   RO         8002    i.notepad_play      notepad.o
    0x08018100   0x08018100   0x00000024   Code   RO         7909    i.paint_draw_point  paint.o
    0x08018124   0x08018124   0x00000054   Code   RO         7910    i.paint_new_pathname  paint.o
    0x08018178   0x08018178   0x000001e0   Code   RO         7911    i.paint_pen_color_set  paint.o
    0x08018358   0x08018358   0x00000210   Code   RO         7912    i.paint_pen_size_set  paint.o
    0x08018568   0x08018568   0x000005b4   Code   RO         7913    i.paint_play        paint.o
    0x08018b1c   0x08018b1c   0x00000054   Code   RO         7914    i.paint_show_colorbar  paint.o
    0x08018b70   0x08018b70   0x00000060   Code   RO         7657    i.pic_tp_scan       picviewer.o
    0x08018bd0   0x08018bd0   0x00000024   Code   RO         4917    i.piclib_alpha_blend  piclib.o
    0x08018bf4   0x08018bf4   0x0000002c   Code   RO         4918    i.piclib_draw_hline  piclib.o
    0x08018c20   0x08018c20   0x00000018   Code   RO         4919    i.piclib_fill_color  piclib.o
    0x08018c38   0x08018c38   0x00000054   Code   RO         4920    i.piclib_init       piclib.o
    0x08018c8c   0x08018c8c   0x0000037c   Code   RO         7658    i.picviewer_play    picviewer.o
    0x08019008   0x08019008   0x000005e4   Code   RO         9198    i.powf              m_ws.l(powf.o)
    0x080195ec   0x080195ec   0x00000114   Code   RO         6551    i.progressbar_check  progressbar.o
    0x08019700   0x08019700   0x00000086   Code   RO         6552    i.progressbar_creat  progressbar.o
    0x08019786   0x08019786   0x00000004   Code   RO         6553    i.progressbar_delete  progressbar.o
    0x0801978a   0x0801978a   0x00000024   Code   RO         6554    i.progressbar_draw_progressbar  progressbar.o
    0x080197ae   0x080197ae   0x00000126   Code   RO         6555    i.progressbar_draw_sign  progressbar.o
    0x080198d4   0x080198d4   0x00000186   Code   RO         6557    i.progressbar_setpos  progressbar.o
    0x08019a5a   0x08019a5a   0x00000002   PAD
    0x08019a5c   0x08019a5c   0x0000009c   Code   RO         6558    i.progressbar_show_char  progressbar.o
    0x08019af8   0x08019af8   0x000000bc   Code   RO         6559    i.progressbar_show_percnt  progressbar.o
    0x08019bb4   0x08019bb4   0x000000f4   Code   RO         4178    i.put_fat           ff.o
    0x08019ca8   0x08019ca8   0x00000062   Code   RO         4180    i.remove_chain      ff.o
    0x08019d0a   0x08019d0a   0x00000286   Code   RO         6621    i.scrollbar_check   scrollbar.o
    0x08019f90   0x08019f90   0x00000072   Code   RO         6622    i.scrollbar_creat   scrollbar.o
    0x0801a002   0x0801a002   0x00000004   Code   RO         6623    i.scrollbar_delete  scrollbar.o
    0x0801a006   0x0801a006   0x0000005a   Code   RO         6624    i.scrollbar_draw_btn  scrollbar.o
    0x0801a060   0x0801a060   0x000000f8   Code   RO         6625    i.scrollbar_draw_scrollbar  scrollbar.o
    0x0801a158   0x0801a158   0x00000054   Code   RO         6626    i.scrollbar_draw_sign  scrollbar.o
    0x0801a1ac   0x0801a1ac   0x000000d8   Code   RO         6628    i.scrollbar_setpos  scrollbar.o
    0x0801a284   0x0801a284   0x0000000a   Code   RO         7825    i.set_search_caption  settings.o
    0x0801a28e   0x0801a28e   0x00000002   PAD
    0x0801a290   0x0801a290   0x000000a0   Code   RO         9208    i.sin               m_ws.l(sin.o)
    0x0801a330   0x0801a330   0x0000004c   Code   RO         9216    i.sqrt              m_ws.l(sqrt.o)
    0x0801a37c   0x0801a37c   0x00000010   Code   RO         4181    i.st_clust          ff.o
    0x0801a38c   0x0801a38c   0x0000006c   Code   RO            4    i.start_task        main.o
    0x0801a3f8   0x0801a3f8   0x00000204   Code   RO         4766    i.stdbmp_decode     bmp.o
    0x0801a5fc   0x0801a5fc   0x0000001e   Code   RO         6736    i.str_match         pyinput.o
    0x0801a61a   0x0801a61a   0x0000001a   Code   RO         4182    i.sum_sfn           ff.o
    0x0801a634   0x0801a634   0x000000b0   Code   RO         4183    i.sync_fs           ff.o
    0x0801a6e4   0x0801a6e4   0x00000052   Code   RO         4184    i.sync_window       ff.o
    0x0801a736   0x0801a736   0x00000002   PAD
    0x0801a738   0x0801a738   0x00000444   Code   RO         7826    i.sysset_date_set   settings.o
    0x0801ab7c   0x0801ab7c   0x00000026   Code   RO         7827    i.sysset_is_leap_year  settings.o
    0x0801aba2   0x0801aba2   0x00000002   PAD
    0x0801aba4   0x0801aba4   0x000004ac   Code   RO         7828    i.sysset_play       settings.o
    0x0801b050   0x0801b050   0x0000000a   Code   RO         7829    i.sysset_read_para  settings.o
    0x0801b05a   0x0801b05a   0x0000001e   Code   RO         7830    i.sysset_save_para  settings.o
    0x0801b078   0x0801b078   0x000002d0   Code   RO         7831    i.sysset_system_about  settings.o
    0x0801b348   0x0801b348   0x00000230   Code   RO         7832    i.sysset_system_info  settings.o
    0x0801b578   0x0801b578   0x0000023c   Code   RO         7833    i.sysset_system_status  settings.o
    0x0801b7b4   0x0801b7b4   0x000001d0   Code   RO         7834    i.sysset_system_update  settings.o
    0x0801b984   0x0801b984   0x0000016c   Code   RO         7835    i.sysset_system_update_cpymsg  settings.o
    0x0801baf0   0x0801baf0   0x00000370   Code   RO         7836    i.sysset_time_set   settings.o
    0x0801be60   0x0801be60   0x00000074   Code   RO            5    i.system_error_show  main.o
    0x0801bed4   0x0801bed4   0x00000158   Code   RO            6    i.system_files_erase  main.o
    0x0801c02c   0x0801c02c   0x000000ec   Code   RO            7    i.system_font_update_confirm  main.o
    0x0801c118   0x0801c118   0x000009d0   Code   RO            8    i.system_init       main.o
    0x0801cae8   0x0801cae8   0x00000438   Code   RO            9    i.system_usb_update_confirm  main.o
    0x0801cf20   0x0801cf20   0x00000036   Code   RO         7183    i.t9_back_process   t9input.o
    0x0801cf56   0x0801cf56   0x00000002   PAD
    0x0801cf58   0x0801cf58   0x000001a8   Code   RO         7184    i.t9_check          t9input.o
    0x0801d100   0x0801d100   0x00000050   Code   RO         7185    i.t9_clrhbtn_caption  t9input.o
    0x0801d150   0x0801d150   0x000002b0   Code   RO         7186    i.t9_creat          t9input.o
    0x0801d400   0x0801d400   0x00000040   Code   RO         7187    i.t9_delete         t9input.o
    0x0801d440   0x0801d440   0x00000050   Code   RO         7188    i.t9_draw           t9input.o
    0x0801d490   0x0801d490   0x0000001a   Code   RO         7189    i.t9_draw_hbtn      t9input.o
    0x0801d4aa   0x0801d4aa   0x0000001a   Code   RO         7190    i.t9_draw_mbtn      t9input.o
    0x0801d4c4   0x0801d4c4   0x0000001a   Code   RO         7191    i.t9_draw_vbtn      t9input.o
    0x0801d4de   0x0801d4de   0x0000006c   Code   RO         7192    i.t9_drawvbtn_rim   t9input.o
    0x0801d54a   0x0801d54a   0x0000004a   Code   RO         7193    i.t9_enter_process  t9input.o
    0x0801d594   0x0801d594   0x000000bc   Code   RO         7194    i.t9_hbtn_process   t9input.o
    0x0801d650   0x0801d650   0x000000c0   Code   RO         7195    i.t9_hbtn_updc      t9input.o
    0x0801d710   0x0801d710   0x0000001e   Code   RO         7196    i.t9_id2num         t9input.o
    0x0801d72e   0x0801d72e   0x00000078   Code   RO         7197    i.t9_keyup_scan     t9input.o
    0x0801d7a6   0x0801d7a6   0x00000002   PAD
    0x0801d7a8   0x0801d7a8   0x000000a8   Code   RO         7198    i.t9_load_sign      t9input.o
    0x0801d850   0x0801d850   0x0000002c   Code   RO         7199    i.t9_ncr_clr        t9input.o
    0x0801d87c   0x0801d87c   0x0000010e   Code   RO         7200    i.t9_pinyin_process  t9input.o
    0x0801d98a   0x0801d98a   0x00000122   Code   RO         7201    i.t9_process        t9input.o
    0x0801daac   0x0801daac   0x000000d4   Code   RO         7202    i.t9_set_inputtype  t9input.o
    0x0801db80   0x0801db80   0x00000060   Code   RO         7203    i.t9_sign_process   t9input.o
    0x0801dbe0   0x0801dbe0   0x0000004a   Code   RO         7204    i.t9_space_process  t9input.o
    0x0801dc2a   0x0801dc2a   0x00000002   PAD
    0x0801dc2c   0x0801dc2c   0x00000178   Code   RO         7205    i.t9_vbtn_process   t9input.o
    0x0801dda4   0x0801dda4   0x000000a0   Code   RO         2645    i.uart_init         usart.o
    0x0801de44   0x0801de44   0x000000e8   Code   RO         4686    i.updata_fontx      fontupd.o
    0x0801df2c   0x0801df2c   0x000002fc   Code   RO         4687    i.update_font       fontupd.o
    0x0801e228   0x0801e228   0x00000050   Code   RO           10    i.usart_task        main.o
    0x0801e278   0x0801e278   0x00000504   Code   RO         7675    i.usb_play          usbplay.o
    0x0801e77c   0x0801e77c   0x0000002e   Code   RO         4185    i.validate          ff.o
    0x0801e7aa   0x0801e7aa   0x00000002   PAD
    0x0801e7ac   0x0801e7ac   0x00000104   Code   RO           11    i.watch_task        main.o
    0x0801e8b0   0x0801e8b0   0x0000011c   Code   RO         6684    i.window_creat      window.o
    0x0801e9cc   0x0801e9cc   0x0000002a   Code   RO         6685    i.window_delete     window.o
    0x0801e9f6   0x0801e9f6   0x000001f4   Code   RO         6686    i.window_draw       window.o
    0x0801ebea   0x0801ebea   0x00000002   PAD
    0x0801ebec   0x0801ebec   0x0000028c   Code   RO         6687    i.window_msg_box    window.o
    0x0801ee78   0x0801ee78   0x00000050   Code   RO         6688    i.window_read_backcolor  window.o
    0x0801eec8   0x0801eec8   0x00000050   Code   RO         6689    i.window_recover_backcolor  window.o
    0x0801ef18   0x0801ef18   0x000003a8   Code   RO         7959    i.wireless_play     wirelessplay.o
    0x0801f2c0   0x0801f2c0   0x000017c0   Data   RO         2793    .constdata          lcd.o
    0x08020a80   0x08020a80   0x00000018   Data   RO         2978    .constdata          rtc.o
    0x08020a98   0x08020a98   0x0000000c   Data   RO         3312    .constdata          touch.o
    0x08020aa4   0x08020aa4   0x0000000a   Data   RO         3467    .constdata          ott2001a.o
    0x08020aae   0x08020aae   0x000000c2   Data   RO         3775    .constdata          gt9147.o
    0x08020b70   0x08020b70   0x00000014   Data   RO         3814    .constdata          ft5206.o
    0x08020b84   0x08020b84   0x0000003a   Data   RO         4186    .constdata          ff.o
    0x08020bbe   0x08020bbe   0x00000002   PAD
    0x08020bc0   0x08020bc0   0x00000138   Data   RO         4464    .constdata          exfuns.o
    0x08020cf8   0x08020cf8   0x000003c0   Data   RO         4667    .constdata          mycc936.o
    0x080210b8   0x080210b8   0x00000010   Data   RO         4689    .constdata          fontupd.o
    0x080210c8   0x080210c8   0x00000028   Data   RO         4823    .constdata          gif.o
    0x080210f0   0x080210f0   0x000004c0   Data   RO         4983    .constdata          tjpgd.o
    0x080215b0   0x080215b0   0x00000100   Data   RO         5104    .constdata          os_core.o
    0x080216b0   0x080216b0   0x00000060   Data   RO         5976    .constdata          filelistbox.o
    0x08021710   0x08021710   0x00006540   Data   RO         6147    .constdata          gui.o
    0x08027c50   0x08027c50   0x0000000c   Data   RO         6148    .constdata          gui.o
    0x08027c5c   0x08027c5c   0x0000000c   Data   RO         6150    .constdata          gui.o
    0x08027c68   0x08027c68   0x0000000c   Data   RO         6151    .constdata          gui.o
    0x08027c74   0x08027c74   0x00000037   Data   RO         6561    .constdata          progressbar.o
    0x08027cab   0x08027cab   0x00000030   Data   RO         6630    .constdata          scrollbar.o
    0x08027cdb   0x08027cdb   0x00000001   Data   RO         6738    .constdata          pyinput.o
    0x08027cdc   0x08027cdc   0x00000015   Data   RO         6739    .constdata          pyinput.o
    0x08027cf1   0x08027cf1   0x0000002d   Data   RO         6740    .constdata          pyinput.o
    0x08027d1e   0x08027d1e   0x00000025   Data   RO         6741    .constdata          pyinput.o
    0x08027d43   0x08027d43   0x00000009   Data   RO         6742    .constdata          pyinput.o
    0x08027d4c   0x08027d4c   0x0000002f   Data   RO         6743    .constdata          pyinput.o
    0x08027d7b   0x08027d7b   0x00000035   Data   RO         6744    .constdata          pyinput.o
    0x08027db0   0x08027db0   0x00000017   Data   RO         6745    .constdata          pyinput.o
    0x08027dc7   0x08027dc7   0x0000002d   Data   RO         6746    .constdata          pyinput.o
    0x08027df4   0x08027df4   0x0000001d   Data   RO         6747    .constdata          pyinput.o
    0x08027e11   0x08027e11   0x00000037   Data   RO         6748    .constdata          pyinput.o
    0x08027e48   0x08027e48   0x0000003b   Data   RO         6749    .constdata          pyinput.o
    0x08027e83   0x08027e83   0x00000011   Data   RO         6750    .constdata          pyinput.o
    0x08027e94   0x08027e94   0x00000015   Data   RO         6751    .constdata          pyinput.o
    0x08027ea9   0x08027ea9   0x00000075   Data   RO         6752    .constdata          pyinput.o
    0x08027f1e   0x08027f1e   0x00000035   Data   RO         6753    .constdata          pyinput.o
    0x08027f53   0x08027f53   0x00000021   Data   RO         6754    .constdata          pyinput.o
    0x08027f74   0x08027f74   0x0000000b   Data   RO         6755    .constdata          pyinput.o
    0x08027f7f   0x08027f7f   0x00000021   Data   RO         6756    .constdata          pyinput.o
    0x08027fa0   0x08027fa0   0x0000001f   Data   RO         6757    .constdata          pyinput.o
    0x08027fbf   0x08027fbf   0x0000004d   Data   RO         6758    .constdata          pyinput.o
    0x0802800c   0x0802800c   0x00000029   Data   RO         6759    .constdata          pyinput.o
    0x08028035   0x08028035   0x00000007   Data   RO         6760    .constdata          pyinput.o
    0x0802803c   0x0802803c   0x00000017   Data   RO         6761    .constdata          pyinput.o
    0x08028053   0x08028053   0x00000019   Data   RO         6762    .constdata          pyinput.o
    0x0802806c   0x0802806c   0x0000000d   Data   RO         6763    .constdata          pyinput.o
    0x08028079   0x08028079   0x00000015   Data   RO         6764    .constdata          pyinput.o
    0x0802808e   0x0802808e   0x0000000d   Data   RO         6765    .constdata          pyinput.o
    0x0802809b   0x0802809b   0x00000009   Data   RO         6767    .constdata          pyinput.o
    0x080280a4   0x080280a4   0x00000033   Data   RO         6768    .constdata          pyinput.o
    0x080280d7   0x080280d7   0x00000013   Data   RO         6769    .constdata          pyinput.o
    0x080280ea   0x080280ea   0x00000035   Data   RO         6770    .constdata          pyinput.o
    0x0802811f   0x0802811f   0x00000035   Data   RO         6771    .constdata          pyinput.o
    0x08028154   0x08028154   0x0000001d   Data   RO         6772    .constdata          pyinput.o
    0x08028171   0x08028171   0x00000013   Data   RO         6773    .constdata          pyinput.o
    0x08028184   0x08028184   0x00000029   Data   RO         6774    .constdata          pyinput.o
    0x080281ad   0x080281ad   0x0000003b   Data   RO         6775    .constdata          pyinput.o
    0x080281e8   0x080281e8   0x0000004f   Data   RO         6776    .constdata          pyinput.o
    0x08028237   0x08028237   0x0000001d   Data   RO         6777    .constdata          pyinput.o
    0x08028254   0x08028254   0x00000023   Data   RO         6778    .constdata          pyinput.o
    0x08028277   0x08028277   0x0000003b   Data   RO         6779    .constdata          pyinput.o
    0x080282b2   0x080282b2   0x0000000b   Data   RO         6780    .constdata          pyinput.o
    0x080282bd   0x080282bd   0x0000001b   Data   RO         6781    .constdata          pyinput.o
    0x080282d8   0x080282d8   0x00000011   Data   RO         6782    .constdata          pyinput.o
    0x080282e9   0x080282e9   0x00000011   Data   RO         6783    .constdata          pyinput.o
    0x080282fa   0x080282fa   0x00000015   Data   RO         6784    .constdata          pyinput.o
    0x0802830f   0x0802830f   0x0000000f   Data   RO         6785    .constdata          pyinput.o
    0x0802831e   0x0802831e   0x0000002b   Data   RO         6786    .constdata          pyinput.o
    0x08028349   0x08028349   0x00000019   Data   RO         6787    .constdata          pyinput.o
    0x08028362   0x08028362   0x00000009   Data   RO         6788    .constdata          pyinput.o
    0x0802836b   0x0802836b   0x00000017   Data   RO         6789    .constdata          pyinput.o
    0x08028382   0x08028382   0x00000011   Data   RO         6790    .constdata          pyinput.o
    0x08028393   0x08028393   0x0000001f   Data   RO         6791    .constdata          pyinput.o
    0x080283b2   0x080283b2   0x0000000b   Data   RO         6792    .constdata          pyinput.o
    0x080283bd   0x080283bd   0x00000021   Data   RO         6793    .constdata          pyinput.o
    0x080283de   0x080283de   0x00000023   Data   RO         6794    .constdata          pyinput.o
    0x08028401   0x08028401   0x0000002d   Data   RO         6795    .constdata          pyinput.o
    0x0802842e   0x0802842e   0x00000039   Data   RO         6796    .constdata          pyinput.o
    0x08028467   0x08028467   0x00000019   Data   RO         6797    .constdata          pyinput.o
    0x08028480   0x08028480   0x00000027   Data   RO         6798    .constdata          pyinput.o
    0x080284a7   0x080284a7   0x0000000b   Data   RO         6799    .constdata          pyinput.o
    0x080284b2   0x080284b2   0x00000003   Data   RO         6800    .constdata          pyinput.o
    0x080284b5   0x080284b5   0x0000001d   Data   RO         6801    .constdata          pyinput.o
    0x080284d2   0x080284d2   0x0000004f   Data   RO         6802    .constdata          pyinput.o
    0x08028521   0x08028521   0x00000033   Data   RO         6804    .constdata          pyinput.o
    0x08028554   0x08028554   0x0000001b   Data   RO         6805    .constdata          pyinput.o
    0x0802856f   0x0802856f   0x00000021   Data   RO         6806    .constdata          pyinput.o
    0x08028590   0x08028590   0x00000027   Data   RO         6807    .constdata          pyinput.o
    0x080285b7   0x080285b7   0x00000005   Data   RO         6808    .constdata          pyinput.o
    0x080285bc   0x080285bc   0x00000025   Data   RO         6809    .constdata          pyinput.o
    0x080285e1   0x080285e1   0x00000019   Data   RO         6810    .constdata          pyinput.o
    0x080285fa   0x080285fa   0x00000031   Data   RO         6811    .constdata          pyinput.o
    0x0802862b   0x0802862b   0x00000013   Data   RO         6812    .constdata          pyinput.o
    0x0802863e   0x0802863e   0x0000000f   Data   RO         6813    .constdata          pyinput.o
    0x0802864d   0x0802864d   0x00000021   Data   RO         6814    .constdata          pyinput.o
    0x0802866e   0x0802866e   0x0000002b   Data   RO         6815    .constdata          pyinput.o
    0x08028699   0x08028699   0x00000041   Data   RO         6816    .constdata          pyinput.o
    0x080286da   0x080286da   0x00000007   Data   RO         6818    .constdata          pyinput.o
    0x080286e1   0x080286e1   0x0000001b   Data   RO         6819    .constdata          pyinput.o
    0x080286fc   0x080286fc   0x00000015   Data   RO         6820    .constdata          pyinput.o
    0x08028711   0x08028711   0x00000031   Data   RO         6821    .constdata          pyinput.o
    0x08028742   0x08028742   0x00000023   Data   RO         6822    .constdata          pyinput.o
    0x08028765   0x08028765   0x0000003f   Data   RO         6823    .constdata          pyinput.o
    0x080287a4   0x080287a4   0x0000002d   Data   RO         6824    .constdata          pyinput.o
    0x080287d1   0x080287d1   0x0000002b   Data   RO         6825    .constdata          pyinput.o
    0x080287fc   0x080287fc   0x00000003   Data   RO         6826    .constdata          pyinput.o
    0x080287ff   0x080287ff   0x00000005   Data   RO         6827    .constdata          pyinput.o
    0x08028804   0x08028804   0x000000a9   Data   RO         6828    .constdata          pyinput.o
    0x080288ad   0x080288ad   0x00000015   Data   RO         6829    .constdata          pyinput.o
    0x080288c2   0x080288c2   0x0000001b   Data   RO         6830    .constdata          pyinput.o
    0x080288dd   0x080288dd   0x00000031   Data   RO         6831    .constdata          pyinput.o
    0x0802890e   0x0802890e   0x0000001b   Data   RO         6832    .constdata          pyinput.o
    0x08028929   0x08028929   0x00000027   Data   RO         6833    .constdata          pyinput.o
    0x08028950   0x08028950   0x00000047   Data   RO         6834    .constdata          pyinput.o
    0x08028997   0x08028997   0x00000003   Data   RO         6835    .constdata          pyinput.o
    0x0802899a   0x0802899a   0x00000019   Data   RO         6837    .constdata          pyinput.o
    0x080289b3   0x080289b3   0x00000029   Data   RO         6838    .constdata          pyinput.o
    0x080289dc   0x080289dc   0x0000002b   Data   RO         6839    .constdata          pyinput.o
    0x08028a07   0x08028a07   0x00000055   Data   RO         6840    .constdata          pyinput.o
    0x08028a5c   0x08028a5c   0x00000019   Data   RO         6841    .constdata          pyinput.o
    0x08028a75   0x08028a75   0x00000009   Data   RO         6842    .constdata          pyinput.o
    0x08028a7e   0x08028a7e   0x00000027   Data   RO         6843    .constdata          pyinput.o
    0x08028aa5   0x08028aa5   0x0000000f   Data   RO         6844    .constdata          pyinput.o
    0x08028ab4   0x08028ab4   0x0000003b   Data   RO         6845    .constdata          pyinput.o
    0x08028aef   0x08028aef   0x0000000f   Data   RO         6846    .constdata          pyinput.o
    0x08028afe   0x08028afe   0x00000029   Data   RO         6847    .constdata          pyinput.o
    0x08028b27   0x08028b27   0x00000007   Data   RO         6848    .constdata          pyinput.o
    0x08028b2e   0x08028b2e   0x00000019   Data   RO         6849    .constdata          pyinput.o
    0x08028b47   0x08028b47   0x0000003b   Data   RO         6850    .constdata          pyinput.o
    0x08028b82   0x08028b82   0x00000013   Data   RO         6851    .constdata          pyinput.o
    0x08028b95   0x08028b95   0x0000002b   Data   RO         6852    .constdata          pyinput.o
    0x08028bc0   0x08028bc0   0x0000003d   Data   RO         6853    .constdata          pyinput.o
    0x08028bfd   0x08028bfd   0x00000005   Data   RO         6854    .constdata          pyinput.o
    0x08028c02   0x08028c02   0x00000009   Data   RO         6855    .constdata          pyinput.o
    0x08028c0b   0x08028c0b   0x00000011   Data   RO         6856    .constdata          pyinput.o
    0x08028c1c   0x08028c1c   0x00000023   Data   RO         6857    .constdata          pyinput.o
    0x08028c3f   0x08028c3f   0x0000001f   Data   RO         6858    .constdata          pyinput.o
    0x08028c5e   0x08028c5e   0x0000005d   Data   RO         6859    .constdata          pyinput.o
    0x08028cbb   0x08028cbb   0x0000001b   Data   RO         6860    .constdata          pyinput.o
    0x08028cd6   0x08028cd6   0x0000000d   Data   RO         6861    .constdata          pyinput.o
    0x08028ce3   0x08028ce3   0x0000003d   Data   RO         6862    .constdata          pyinput.o
    0x08028d20   0x08028d20   0x00000033   Data   RO         6863    .constdata          pyinput.o
    0x08028d53   0x08028d53   0x00000051   Data   RO         6864    .constdata          pyinput.o
    0x08028da4   0x08028da4   0x00000017   Data   RO         6865    .constdata          pyinput.o
    0x08028dbb   0x08028dbb   0x0000002b   Data   RO         6866    .constdata          pyinput.o
    0x08028de6   0x08028de6   0x000000d7   Data   RO         6867    .constdata          pyinput.o
    0x08028ebd   0x08028ebd   0x0000004f   Data   RO         6868    .constdata          pyinput.o
    0x08028f0c   0x08028f0c   0x0000008d   Data   RO         6869    .constdata          pyinput.o
    0x08028f99   0x08028f99   0x00000031   Data   RO         6870    .constdata          pyinput.o
    0x08028fca   0x08028fca   0x0000005d   Data   RO         6871    .constdata          pyinput.o
    0x08029027   0x08029027   0x0000005b   Data   RO         6872    .constdata          pyinput.o
    0x08029082   0x08029082   0x00000047   Data   RO         6873    .constdata          pyinput.o
    0x080290c9   0x080290c9   0x00000055   Data   RO         6874    .constdata          pyinput.o
    0x0802911e   0x0802911e   0x0000000b   Data   RO         6875    .constdata          pyinput.o
    0x08029129   0x08029129   0x00000035   Data   RO         6876    .constdata          pyinput.o
    0x0802915e   0x0802915e   0x0000006d   Data   RO         6877    .constdata          pyinput.o
    0x080291cb   0x080291cb   0x00000021   Data   RO         6878    .constdata          pyinput.o
    0x080291ec   0x080291ec   0x0000003d   Data   RO         6879    .constdata          pyinput.o
    0x08029229   0x08029229   0x00000021   Data   RO         6880    .constdata          pyinput.o
    0x0802924a   0x0802924a   0x0000000f   Data   RO         6881    .constdata          pyinput.o
    0x08029259   0x08029259   0x0000001b   Data   RO         6882    .constdata          pyinput.o
    0x08029274   0x08029274   0x0000001d   Data   RO         6883    .constdata          pyinput.o
    0x08029291   0x08029291   0x00000015   Data   RO         6884    .constdata          pyinput.o
    0x080292a6   0x080292a6   0x00000011   Data   RO         6885    .constdata          pyinput.o
    0x080292b7   0x080292b7   0x00000049   Data   RO         6886    .constdata          pyinput.o
    0x08029300   0x08029300   0x0000000b   Data   RO         6887    .constdata          pyinput.o
    0x0802930b   0x0802930b   0x0000000b   Data   RO         6888    .constdata          pyinput.o
    0x08029316   0x08029316   0x0000000f   Data   RO         6889    .constdata          pyinput.o
    0x08029325   0x08029325   0x00000013   Data   RO         6890    .constdata          pyinput.o
    0x08029338   0x08029338   0x00000019   Data   RO         6891    .constdata          pyinput.o
    0x08029351   0x08029351   0x0000000f   Data   RO         6892    .constdata          pyinput.o
    0x08029360   0x08029360   0x00000015   Data   RO         6893    .constdata          pyinput.o
    0x08029375   0x08029375   0x00000007   Data   RO         6894    .constdata          pyinput.o
    0x0802937c   0x0802937c   0x00000021   Data   RO         6895    .constdata          pyinput.o
    0x0802939d   0x0802939d   0x00000039   Data   RO         6896    .constdata          pyinput.o
    0x080293d6   0x080293d6   0x00000017   Data   RO         6897    .constdata          pyinput.o
    0x080293ed   0x080293ed   0x0000000b   Data   RO         6898    .constdata          pyinput.o
    0x080293f8   0x080293f8   0x0000001b   Data   RO         6899    .constdata          pyinput.o
    0x08029413   0x08029413   0x00000019   Data   RO         6900    .constdata          pyinput.o
    0x0802942c   0x0802942c   0x0000002d   Data   RO         6901    .constdata          pyinput.o
    0x08029459   0x08029459   0x0000001d   Data   RO         6902    .constdata          pyinput.o
    0x08029476   0x08029476   0x00000027   Data   RO         6903    .constdata          pyinput.o
    0x0802949d   0x0802949d   0x0000000f   Data   RO         6904    .constdata          pyinput.o
    0x080294ac   0x080294ac   0x00000029   Data   RO         6905    .constdata          pyinput.o
    0x080294d5   0x080294d5   0x0000000b   Data   RO         6906    .constdata          pyinput.o
    0x080294e0   0x080294e0   0x0000009d   Data   RO         6907    .constdata          pyinput.o
    0x0802957d   0x0802957d   0x00000035   Data   RO         6909    .constdata          pyinput.o
    0x080295b2   0x080295b2   0x00000023   Data   RO         6910    .constdata          pyinput.o
    0x080295d5   0x080295d5   0x0000002b   Data   RO         6911    .constdata          pyinput.o
    0x08029600   0x08029600   0x0000001b   Data   RO         6912    .constdata          pyinput.o
    0x0802961b   0x0802961b   0x00000033   Data   RO         6913    .constdata          pyinput.o
    0x0802964e   0x0802964e   0x00000039   Data   RO         6914    .constdata          pyinput.o
    0x08029687   0x08029687   0x0000002f   Data   RO         6915    .constdata          pyinput.o
    0x080296b6   0x080296b6   0x00000025   Data   RO         6917    .constdata          pyinput.o
    0x080296db   0x080296db   0x00000021   Data   RO         6918    .constdata          pyinput.o
    0x080296fc   0x080296fc   0x00000059   Data   RO         6919    .constdata          pyinput.o
    0x08029755   0x08029755   0x0000002b   Data   RO         6920    .constdata          pyinput.o
    0x08029780   0x08029780   0x0000000d   Data   RO         6921    .constdata          pyinput.o
    0x0802978d   0x0802978d   0x00000007   Data   RO         6922    .constdata          pyinput.o
    0x08029794   0x08029794   0x00000011   Data   RO         6923    .constdata          pyinput.o
    0x080297a5   0x080297a5   0x0000003d   Data   RO         6924    .constdata          pyinput.o
    0x080297e2   0x080297e2   0x00000021   Data   RO         6926    .constdata          pyinput.o
    0x08029803   0x08029803   0x00000027   Data   RO         6927    .constdata          pyinput.o
    0x0802982a   0x0802982a   0x00000013   Data   RO         6928    .constdata          pyinput.o
    0x0802983d   0x0802983d   0x00000015   Data   RO         6929    .constdata          pyinput.o
    0x08029852   0x08029852   0x00000035   Data   RO         6930    .constdata          pyinput.o
    0x08029887   0x08029887   0x00000003   Data   RO         6931    .constdata          pyinput.o
    0x0802988a   0x0802988a   0x00000035   Data   RO         6932    .constdata          pyinput.o
    0x080298bf   0x080298bf   0x0000000f   Data   RO         6933    .constdata          pyinput.o
    0x080298ce   0x080298ce   0x00000027   Data   RO         6934    .constdata          pyinput.o
    0x080298f5   0x080298f5   0x0000003f   Data   RO         6935    .constdata          pyinput.o
    0x08029934   0x08029934   0x0000001f   Data   RO         6936    .constdata          pyinput.o
    0x08029953   0x08029953   0x00000021   Data   RO         6937    .constdata          pyinput.o
    0x08029974   0x08029974   0x0000000d   Data   RO         6938    .constdata          pyinput.o
    0x08029981   0x08029981   0x00000021   Data   RO         6939    .constdata          pyinput.o
    0x080299a2   0x080299a2   0x00000019   Data   RO         6940    .constdata          pyinput.o
    0x080299bb   0x080299bb   0x00000005   Data   RO         6941    .constdata          pyinput.o
    0x080299c0   0x080299c0   0x00000043   Data   RO         6942    .constdata          pyinput.o
    0x08029a03   0x08029a03   0x00000013   Data   RO         6943    .constdata          pyinput.o
    0x08029a16   0x08029a16   0x0000002f   Data   RO         6944    .constdata          pyinput.o
    0x08029a45   0x08029a45   0x00000017   Data   RO         6945    .constdata          pyinput.o
    0x08029a5c   0x08029a5c   0x00000015   Data   RO         6946    .constdata          pyinput.o
    0x08029a71   0x08029a71   0x00000013   Data   RO         6947    .constdata          pyinput.o
    0x08029a84   0x08029a84   0x0000000b   Data   RO         6948    .constdata          pyinput.o
    0x08029a8f   0x08029a8f   0x0000001b   Data   RO         6949    .constdata          pyinput.o
    0x08029aaa   0x08029aaa   0x00000007   Data   RO         6950    .constdata          pyinput.o
    0x08029ab1   0x08029ab1   0x00000005   Data   RO         6951    .constdata          pyinput.o
    0x08029ab6   0x08029ab6   0x00000005   Data   RO         6952    .constdata          pyinput.o
    0x08029abb   0x08029abb   0x00000003   Data   RO         6953    .constdata          pyinput.o
    0x08029abe   0x08029abe   0x0000002f   Data   RO         6955    .constdata          pyinput.o
    0x08029aed   0x08029aed   0x0000001b   Data   RO         6956    .constdata          pyinput.o
    0x08029b08   0x08029b08   0x00000005   Data   RO         6957    .constdata          pyinput.o
    0x08029b0d   0x08029b0d   0x0000000d   Data   RO         6958    .constdata          pyinput.o
    0x08029b1a   0x08029b1a   0x0000001d   Data   RO         6959    .constdata          pyinput.o
    0x08029b37   0x08029b37   0x00000003   Data   RO         6960    .constdata          pyinput.o
    0x08029b3a   0x08029b3a   0x00000015   Data   RO         6961    .constdata          pyinput.o
    0x08029b4f   0x08029b4f   0x00000011   Data   RO         6962    .constdata          pyinput.o
    0x08029b60   0x08029b60   0x0000000d   Data   RO         6963    .constdata          pyinput.o
    0x08029b6d   0x08029b6d   0x0000000f   Data   RO         6965    .constdata          pyinput.o
    0x08029b7c   0x08029b7c   0x00000003   Data   RO         6966    .constdata          pyinput.o
    0x08029b7f   0x08029b7f   0x00000005   Data   RO         6967    .constdata          pyinput.o
    0x08029b84   0x08029b84   0x00000013   Data   RO         6968    .constdata          pyinput.o
    0x08029b97   0x08029b97   0x00000009   Data   RO         6969    .constdata          pyinput.o
    0x08029ba0   0x08029ba0   0x00000007   Data   RO         6970    .constdata          pyinput.o
    0x08029ba7   0x08029ba7   0x00000019   Data   RO         6971    .constdata          pyinput.o
    0x08029bc0   0x08029bc0   0x00000017   Data   RO         6972    .constdata          pyinput.o
    0x08029bd7   0x08029bd7   0x00000015   Data   RO         6973    .constdata          pyinput.o
    0x08029bec   0x08029bec   0x00000027   Data   RO         6974    .constdata          pyinput.o
    0x08029c13   0x08029c13   0x00000019   Data   RO         6975    .constdata          pyinput.o
    0x08029c2c   0x08029c2c   0x00000019   Data   RO         6976    .constdata          pyinput.o
    0x08029c45   0x08029c45   0x0000001f   Data   RO         6977    .constdata          pyinput.o
    0x08029c64   0x08029c64   0x00000007   Data   RO         6978    .constdata          pyinput.o
    0x08029c6b   0x08029c6b   0x00000025   Data   RO         6979    .constdata          pyinput.o
    0x08029c90   0x08029c90   0x0000005d   Data   RO         6980    .constdata          pyinput.o
    0x08029ced   0x08029ced   0x0000001b   Data   RO         6981    .constdata          pyinput.o
    0x08029d08   0x08029d08   0x0000001b   Data   RO         6982    .constdata          pyinput.o
    0x08029d23   0x08029d23   0x0000000b   Data   RO         6983    .constdata          pyinput.o
    0x08029d2e   0x08029d2e   0x00000015   Data   RO         6984    .constdata          pyinput.o
    0x08029d43   0x08029d43   0x0000001d   Data   RO         6985    .constdata          pyinput.o
    0x08029d60   0x08029d60   0x0000002b   Data   RO         6986    .constdata          pyinput.o
    0x08029d8b   0x08029d8b   0x00000007   Data   RO         6987    .constdata          pyinput.o
    0x08029d92   0x08029d92   0x00000037   Data   RO         6988    .constdata          pyinput.o
    0x08029dc9   0x08029dc9   0x00000093   Data   RO         6989    .constdata          pyinput.o
    0x08029e5c   0x08029e5c   0x0000000f   Data   RO         6990    .constdata          pyinput.o
    0x08029e6b   0x08029e6b   0x0000005d   Data   RO         6991    .constdata          pyinput.o
    0x08029ec8   0x08029ec8   0x00000029   Data   RO         6992    .constdata          pyinput.o
    0x08029ef1   0x08029ef1   0x0000003d   Data   RO         6993    .constdata          pyinput.o
    0x08029f2e   0x08029f2e   0x0000001d   Data   RO         6994    .constdata          pyinput.o
    0x08029f4b   0x08029f4b   0x0000002f   Data   RO         6995    .constdata          pyinput.o
    0x08029f7a   0x08029f7a   0x00000035   Data   RO         6996    .constdata          pyinput.o
    0x08029faf   0x08029faf   0x00000013   Data   RO         6997    .constdata          pyinput.o
    0x08029fc2   0x08029fc2   0x00000031   Data   RO         6998    .constdata          pyinput.o
    0x08029ff3   0x08029ff3   0x00000049   Data   RO         6999    .constdata          pyinput.o
    0x0802a03c   0x0802a03c   0x0000002d   Data   RO         7000    .constdata          pyinput.o
    0x0802a069   0x0802a069   0x00000017   Data   RO         7001    .constdata          pyinput.o
    0x0802a080   0x0802a080   0x00000009   Data   RO         7003    .constdata          pyinput.o
    0x0802a089   0x0802a089   0x0000000f   Data   RO         7004    .constdata          pyinput.o
    0x0802a098   0x0802a098   0x0000000f   Data   RO         7005    .constdata          pyinput.o
    0x0802a0a7   0x0802a0a7   0x0000000d   Data   RO         7006    .constdata          pyinput.o
    0x0802a0b4   0x0802a0b4   0x00000007   Data   RO         7007    .constdata          pyinput.o
    0x0802a0bb   0x0802a0bb   0x00000025   Data   RO         7008    .constdata          pyinput.o
    0x0802a0e0   0x0802a0e0   0x00000005   Data   RO         7009    .constdata          pyinput.o
    0x0802a0e5   0x0802a0e5   0x00000003   Data   RO         7010    .constdata          pyinput.o
    0x0802a0e8   0x0802a0e8   0x0000001f   Data   RO         7011    .constdata          pyinput.o
    0x0802a107   0x0802a107   0x0000000d   Data   RO         7012    .constdata          pyinput.o
    0x0802a114   0x0802a114   0x00000029   Data   RO         7013    .constdata          pyinput.o
    0x0802a13d   0x0802a13d   0x00000007   Data   RO         7014    .constdata          pyinput.o
    0x0802a144   0x0802a144   0x00000011   Data   RO         7015    .constdata          pyinput.o
    0x0802a155   0x0802a155   0x00000005   Data   RO         7016    .constdata          pyinput.o
    0x0802a15a   0x0802a15a   0x00000009   Data   RO         7017    .constdata          pyinput.o
    0x0802a163   0x0802a163   0x0000000f   Data   RO         7018    .constdata          pyinput.o
    0x0802a172   0x0802a172   0x0000000b   Data   RO         7019    .constdata          pyinput.o
    0x0802a17d   0x0802a17d   0x0000000f   Data   RO         7020    .constdata          pyinput.o
    0x0802a18c   0x0802a18c   0x0000000d   Data   RO         7021    .constdata          pyinput.o
    0x0802a199   0x0802a199   0x00000013   Data   RO         7022    .constdata          pyinput.o
    0x0802a1ac   0x0802a1ac   0x0000000f   Data   RO         7023    .constdata          pyinput.o
    0x0802a1bb   0x0802a1bb   0x00000003   Data   RO         7024    .constdata          pyinput.o
    0x0802a1be   0x0802a1be   0x00000003   Data   RO         7025    .constdata          pyinput.o
    0x0802a1c1   0x0802a1c1   0x00000025   Data   RO         7026    .constdata          pyinput.o
    0x0802a1e6   0x0802a1e6   0x00000007   Data   RO         7027    .constdata          pyinput.o
    0x0802a1ed   0x0802a1ed   0x0000004d   Data   RO         7028    .constdata          pyinput.o
    0x0802a23a   0x0802a23a   0x0000001b   Data   RO         7029    .constdata          pyinput.o
    0x0802a255   0x0802a255   0x00000027   Data   RO         7030    .constdata          pyinput.o
    0x0802a27c   0x0802a27c   0x0000002d   Data   RO         7031    .constdata          pyinput.o
    0x0802a2a9   0x0802a2a9   0x00000003   Data   RO         7032    .constdata          pyinput.o
    0x0802a2ac   0x0802a2ac   0x00000039   Data   RO         7033    .constdata          pyinput.o
    0x0802a2e5   0x0802a2e5   0x00000023   Data   RO         7034    .constdata          pyinput.o
    0x0802a308   0x0802a308   0x0000008d   Data   RO         7035    .constdata          pyinput.o
    0x0802a395   0x0802a395   0x0000001d   Data   RO         7036    .constdata          pyinput.o
    0x0802a3b2   0x0802a3b2   0x00000061   Data   RO         7037    .constdata          pyinput.o
    0x0802a413   0x0802a413   0x00000007   Data   RO         7038    .constdata          pyinput.o
    0x0802a41a   0x0802a41a   0x0000000d   Data   RO         7039    .constdata          pyinput.o
    0x0802a427   0x0802a427   0x00000009   Data   RO         7040    .constdata          pyinput.o
    0x0802a430   0x0802a430   0x0000000b   Data   RO         7041    .constdata          pyinput.o
    0x0802a43b   0x0802a43b   0x0000000b   Data   RO         7042    .constdata          pyinput.o
    0x0802a446   0x0802a446   0x00000009   Data   RO         7043    .constdata          pyinput.o
    0x0802a44f   0x0802a44f   0x00000015   Data   RO         7044    .constdata          pyinput.o
    0x0802a464   0x0802a464   0x00000045   Data   RO         7045    .constdata          pyinput.o
    0x0802a4a9   0x0802a4a9   0x00000021   Data   RO         7046    .constdata          pyinput.o
    0x0802a4ca   0x0802a4ca   0x0000001d   Data   RO         7047    .constdata          pyinput.o
    0x0802a4e7   0x0802a4e7   0x0000002d   Data   RO         7048    .constdata          pyinput.o
    0x0802a514   0x0802a514   0x00000009   Data   RO         7049    .constdata          pyinput.o
    0x0802a51d   0x0802a51d   0x00000017   Data   RO         7050    .constdata          pyinput.o
    0x0802a534   0x0802a534   0x00000007   Data   RO         7051    .constdata          pyinput.o
    0x0802a53b   0x0802a53b   0x00000023   Data   RO         7052    .constdata          pyinput.o
    0x0802a55e   0x0802a55e   0x00000027   Data   RO         7053    .constdata          pyinput.o
    0x0802a585   0x0802a585   0x00000023   Data   RO         7054    .constdata          pyinput.o
    0x0802a5a8   0x0802a5a8   0x00000039   Data   RO         7055    .constdata          pyinput.o
    0x0802a5e1   0x0802a5e1   0x00000037   Data   RO         7056    .constdata          pyinput.o
    0x0802a618   0x0802a618   0x00000025   Data   RO         7057    .constdata          pyinput.o
    0x0802a63d   0x0802a63d   0x00000009   Data   RO         7058    .constdata          pyinput.o
    0x0802a646   0x0802a646   0x0000000b   Data   RO         7059    .constdata          pyinput.o
    0x0802a651   0x0802a651   0x00000031   Data   RO         7060    .constdata          pyinput.o
    0x0802a682   0x0802a682   0x0000001f   Data   RO         7061    .constdata          pyinput.o
    0x0802a6a1   0x0802a6a1   0x00000023   Data   RO         7062    .constdata          pyinput.o
    0x0802a6c4   0x0802a6c4   0x0000000d   Data   RO         7063    .constdata          pyinput.o
    0x0802a6d1   0x0802a6d1   0x00000023   Data   RO         7064    .constdata          pyinput.o
    0x0802a6f4   0x0802a6f4   0x0000002d   Data   RO         7065    .constdata          pyinput.o
    0x0802a721   0x0802a721   0x0000000f   Data   RO         7066    .constdata          pyinput.o
    0x0802a730   0x0802a730   0x00000021   Data   RO         7067    .constdata          pyinput.o
    0x0802a751   0x0802a751   0x0000000b   Data   RO         7068    .constdata          pyinput.o
    0x0802a75c   0x0802a75c   0x0000000f   Data   RO         7069    .constdata          pyinput.o
    0x0802a76b   0x0802a76b   0x00000013   Data   RO         7070    .constdata          pyinput.o
    0x0802a77e   0x0802a77e   0x00000035   Data   RO         7071    .constdata          pyinput.o
    0x0802a7b3   0x0802a7b3   0x00000015   Data   RO         7072    .constdata          pyinput.o
    0x0802a7c8   0x0802a7c8   0x00000007   Data   RO         7073    .constdata          pyinput.o
    0x0802a7cf   0x0802a7cf   0x0000003b   Data   RO         7074    .constdata          pyinput.o
    0x0802a80a   0x0802a80a   0x0000001f   Data   RO         7075    .constdata          pyinput.o
    0x0802a829   0x0802a829   0x0000007b   Data   RO         7076    .constdata          pyinput.o
    0x0802a8a4   0x0802a8a4   0x00000021   Data   RO         7077    .constdata          pyinput.o
    0x0802a8c5   0x0802a8c5   0x0000000b   Data   RO         7078    .constdata          pyinput.o
    0x0802a8d0   0x0802a8d0   0x00000023   Data   RO         7079    .constdata          pyinput.o
    0x0802a8f3   0x0802a8f3   0x00000071   Data   RO         7080    .constdata          pyinput.o
    0x0802a964   0x0802a964   0x00000099   Data   RO         7081    .constdata          pyinput.o
    0x0802a9fd   0x0802a9fd   0x0000002b   Data   RO         7082    .constdata          pyinput.o
    0x0802aa28   0x0802aa28   0x00000063   Data   RO         7083    .constdata          pyinput.o
    0x0802aa8b   0x0802aa8b   0x0000003d   Data   RO         7084    .constdata          pyinput.o
    0x0802aac8   0x0802aac8   0x0000003b   Data   RO         7085    .constdata          pyinput.o
    0x0802ab03   0x0802ab03   0x00000057   Data   RO         7086    .constdata          pyinput.o
    0x0802ab5a   0x0802ab5a   0x00000025   Data   RO         7087    .constdata          pyinput.o
    0x0802ab7f   0x0802ab7f   0x0000002f   Data   RO         7088    .constdata          pyinput.o
    0x0802abae   0x0802abae   0x00000011   Data   RO         7089    .constdata          pyinput.o
    0x0802abbf   0x0802abbf   0x00000027   Data   RO         7090    .constdata          pyinput.o
    0x0802abe6   0x0802abe6   0x00000045   Data   RO         7091    .constdata          pyinput.o
    0x0802ac2b   0x0802ac2b   0x00000035   Data   RO         7092    .constdata          pyinput.o
    0x0802ac60   0x0802ac60   0x00000019   Data   RO         7093    .constdata          pyinput.o
    0x0802ac79   0x0802ac79   0x00000041   Data   RO         7094    .constdata          pyinput.o
    0x0802acba   0x0802acba   0x0000003d   Data   RO         7095    .constdata          pyinput.o
    0x0802acf7   0x0802acf7   0x0000008b   Data   RO         7096    .constdata          pyinput.o
    0x0802ad82   0x0802ad82   0x00000033   Data   RO         7097    .constdata          pyinput.o
    0x0802adb5   0x0802adb5   0x00000049   Data   RO         7098    .constdata          pyinput.o
    0x0802adfe   0x0802adfe   0x00000035   Data   RO         7099    .constdata          pyinput.o
    0x0802ae33   0x0802ae33   0x000000d9   Data   RO         7100    .constdata          pyinput.o
    0x0802af0c   0x0802af0c   0x00000047   Data   RO         7101    .constdata          pyinput.o
    0x0802af53   0x0802af53   0x0000004f   Data   RO         7102    .constdata          pyinput.o
    0x0802afa2   0x0802afa2   0x00000007   Data   RO         7103    .constdata          pyinput.o
    0x0802afa9   0x0802afa9   0x00000033   Data   RO         7104    .constdata          pyinput.o
    0x0802afdc   0x0802afdc   0x00000057   Data   RO         7105    .constdata          pyinput.o
    0x0802b033   0x0802b033   0x000000bd   Data   RO         7106    .constdata          pyinput.o
    0x0802b0f0   0x0802b0f0   0x00000045   Data   RO         7107    .constdata          pyinput.o
    0x0802b135   0x0802b135   0x00000027   Data   RO         7108    .constdata          pyinput.o
    0x0802b15c   0x0802b15c   0x00000033   Data   RO         7109    .constdata          pyinput.o
    0x0802b18f   0x0802b18f   0x0000000f   Data   RO         7110    .constdata          pyinput.o
    0x0802b19e   0x0802b19e   0x00000013   Data   RO         7111    .constdata          pyinput.o
    0x0802b1b1   0x0802b1b1   0x00000017   Data   RO         7112    .constdata          pyinput.o
    0x0802b1c8   0x0802b1c8   0x0000000d   Data   RO         7113    .constdata          pyinput.o
    0x0802b1d5   0x0802b1d5   0x0000001f   Data   RO         7114    .constdata          pyinput.o
    0x0802b1f4   0x0802b1f4   0x0000001d   Data   RO         7115    .constdata          pyinput.o
    0x0802b211   0x0802b211   0x00000003   Data   RO         7116    .constdata          pyinput.o
    0x0802b214   0x0802b214   0x00000005   Data   RO         7117    .constdata          pyinput.o
    0x0802b219   0x0802b219   0x00000011   Data   RO         7118    .constdata          pyinput.o
    0x0802b22a   0x0802b22a   0x00000037   Data   RO         7119    .constdata          pyinput.o
    0x0802b261   0x0802b261   0x00000015   Data   RO         7120    .constdata          pyinput.o
    0x0802b276   0x0802b276   0x0000002d   Data   RO         7121    .constdata          pyinput.o
    0x0802b2a3   0x0802b2a3   0x00000031   Data   RO         7122    .constdata          pyinput.o
    0x0802b2d4   0x0802b2d4   0x00000025   Data   RO         7123    .constdata          pyinput.o
    0x0802b2f9   0x0802b2f9   0x00000029   Data   RO         7124    .constdata          pyinput.o
    0x0802b322   0x0802b322   0x00000045   Data   RO         7125    .constdata          pyinput.o
    0x0802b367   0x0802b367   0x0000002b   Data   RO         7126    .constdata          pyinput.o
    0x0802b392   0x0802b392   0x000000a1   Data   RO         7127    .constdata          pyinput.o
    0x0802b433   0x0802b433   0x00000023   Data   RO         7128    .constdata          pyinput.o
    0x0802b456   0x0802b456   0x00000031   Data   RO         7129    .constdata          pyinput.o
    0x0802b487   0x0802b487   0x00000067   Data   RO         7130    .constdata          pyinput.o
    0x0802b4ee   0x0802b4ee   0x00000007   Data   RO         7131    .constdata          pyinput.o
    0x0802b4f5   0x0802b4f5   0x00000005   Data   RO         7132    .constdata          pyinput.o
    0x0802b4fa   0x0802b4fa   0x00000017   Data   RO         7133    .constdata          pyinput.o
    0x0802b511   0x0802b511   0x00000015   Data   RO         7134    .constdata          pyinput.o
    0x0802b526   0x0802b526   0x00000015   Data   RO         7135    .constdata          pyinput.o
    0x0802b53b   0x0802b53b   0x0000000b   Data   RO         7136    .constdata          pyinput.o
    0x0802b546   0x0802b546   0x0000002b   Data   RO         7137    .constdata          pyinput.o
    0x0802b571   0x0802b571   0x0000004d   Data   RO         7138    .constdata          pyinput.o
    0x0802b5be   0x0802b5be   0x00000017   Data   RO         7139    .constdata          pyinput.o
    0x0802b5d5   0x0802b5d5   0x00000013   Data   RO         7140    .constdata          pyinput.o
    0x0802b5e8   0x0802b5e8   0x00000017   Data   RO         7141    .constdata          pyinput.o
    0x0802b5ff   0x0802b5ff   0x0000000b   Data   RO         7142    .constdata          pyinput.o
    0x0802b60a   0x0802b60a   0x0000000d   Data   RO         7143    .constdata          pyinput.o
    0x0802b617   0x0802b617   0x0000000b   Data   RO         7144    .constdata          pyinput.o
    0x0802b622   0x0802b622   0x00000025   Data   RO         7145    .constdata          pyinput.o
    0x0802b647   0x0802b647   0x00000001   PAD
    0x0802b648   0x0802b648   0x000012b4   Data   RO         7146    .constdata          pyinput.o
    0x0802c8fc   0x0802c8fc   0x0000000c   Data   RO         7389    .constdata          common.o
    0x0802c908   0x0802c908   0x0000000c   Data   RO         7390    .constdata          common.o
    0x0802c914   0x0802c914   0x0000000c   Data   RO         7391    .constdata          common.o
    0x0802c920   0x0802c920   0x0000000c   Data   RO         7392    .constdata          common.o
    0x0802c92c   0x0802c92c   0x0000006c   Data   RO         7393    .constdata          common.o
    0x0802c998   0x0802c998   0x00000030   Data   RO         7394    .constdata          common.o
    0x0802c9c8   0x0802c9c8   0x00000048   Data   RO         7395    .constdata          common.o
    0x0802ca10   0x0802ca10   0x00000080   Data   RO         7396    .constdata          common.o
    0x0802ca90   0x0802ca90   0x00000120   Data   RO         7397    .constdata          common.o
    0x0802cbb0   0x0802cbb0   0x00000090   Data   RO         7598    .constdata          mainui.o
    0x0802cc40   0x0802cc40   0x0000000c   Data   RO         7637    .constdata          ebook.o
    0x0802cc4c   0x0802cc4c   0x00000124   Data   RO         7709    .constdata          appplay.o
    0x0802cd70   0x0802cd70   0x00000078   Data   RO         7758    .constdata          calendar.o
    0x0802cde8   0x0802cde8   0x00000228   Data   RO         7837    .constdata          settings.o
    0x0802d010   0x0802d010   0x00000028   Data   RO         7915    .constdata          paint.o
    0x0802d038   0x0802d038   0x00000024   Data   RO         7960    .constdata          wirelessplay.o
    0x0802d05c   0x0802d05c   0x00000018   Data   RO         8003    .constdata          notepad.o
    0x0802d074   0x0802d074   0x00000012   Data   RO         8833    .constdata          usb_desc.o
    0x0802d086   0x0802d086   0x00000020   Data   RO         8834    .constdata          usb_desc.o
    0x0802d0a6   0x0802d0a6   0x00000004   Data   RO         8835    .constdata          usb_desc.o
    0x0802d0aa   0x0802d0aa   0x0000001a   Data   RO         8836    .constdata          usb_desc.o
    0x0802d0c4   0x0802d0c4   0x00000020   Data   RO         8837    .constdata          usb_desc.o
    0x0802d0e4   0x0802d0e4   0x00000010   Data   RO         8838    .constdata          usb_desc.o
    0x0802d0f4   0x0802d0f4   0x0000848e   Data   RO         9145    .constdata          ATKNCR_M_V2.0.lib(recognition.o)
    0x08035582   0x08035582   0x00000002   PAD
    0x08035584   0x08035584   0x00000140   Data   RO         9199    .constdata          m_ws.l(powf.o)
    0x080356c4   0x080356c4   0x00000004   PAD
    0x080356c8   0x080356c8   0x00000030   Data   RO         9548    .constdata          m_ws.l(cos_i.o)
    0x080356f8   0x080356f8   0x000000c8   Data   RO         9582    .constdata          m_ws.l(rred.o)
    0x080357c0   0x080357c0   0x00000028   Data   RO         9586    .constdata          m_ws.l(sin_i.o)
    0x080357e8   0x080357e8   0x00000079   Data   RO         3313    .conststring        touch.o
    0x08035861   0x08035861   0x00000003   PAD
    0x08035864   0x08035864   0x00000060   Data   RO         4465    .conststring        exfuns.o
    0x080358c4   0x080358c4   0x0000005f   Data   RO         4690    .conststring        fontupd.o
    0x08035923   0x08035923   0x00000001   PAD
    0x08035924   0x08035924   0x000000a6   Data   RO         5977    .conststring        filelistbox.o
    0x080359ca   0x080359ca   0x00000002   PAD
    0x080359cc   0x080359cc   0x00000011   Data   RO         6153    .conststring        gui.o
    0x080359dd   0x080359dd   0x00000003   PAD
    0x080359e0   0x080359e0   0x0000000d   Data   RO         6155    .conststring        gui.o
    0x080359ed   0x080359ed   0x00000003   PAD
    0x080359f0   0x080359f0   0x0000000d   Data   RO         6156    .conststring        gui.o
    0x080359fd   0x080359fd   0x00000003   PAD
    0x08035a00   0x08035a00   0x00000d4f   Data   RO         7147    .conststring        pyinput.o
    0x0803674f   0x0803674f   0x00000001   PAD
    0x08036750   0x08036750   0x00000147   Data   RO         7206    .conststring        t9input.o
    0x08036897   0x08036897   0x00000001   PAD
    0x08036898   0x08036898   0x00000021   Data   RO         7398    .conststring        common.o
    0x080368b9   0x080368b9   0x00000003   PAD
    0x080368bc   0x080368bc   0x00000011   Data   RO         7399    .conststring        common.o
    0x080368cd   0x080368cd   0x00000003   PAD
    0x080368d0   0x080368d0   0x00000012   Data   RO         7400    .conststring        common.o
    0x080368e2   0x080368e2   0x00000002   PAD
    0x080368e4   0x080368e4   0x0000003b   Data   RO         7401    .conststring        common.o
    0x0803691f   0x0803691f   0x00000001   PAD
    0x08036920   0x08036920   0x000000d9   Data   RO         7402    .conststring        common.o
    0x080369f9   0x080369f9   0x00000003   PAD
    0x080369fc   0x080369fc   0x00000142   Data   RO         7403    .conststring        common.o
    0x08036b3e   0x08036b3e   0x00000002   PAD
    0x08036b40   0x08036b40   0x0000015d   Data   RO         7599    .conststring        mainui.o
    0x08036c9d   0x08036c9d   0x00000003   PAD
    0x08036ca0   0x08036ca0   0x00000026   Data   RO         7638    .conststring        ebook.o
    0x08036cc6   0x08036cc6   0x00000002   PAD
    0x08036cc8   0x08036cc8   0x000002cd   Data   RO         7710    .conststring        appplay.o
    0x08036f95   0x08036f95   0x00000003   PAD
    0x08036f98   0x08036f98   0x000000fb   Data   RO         7761    .conststring        calendar.o
    0x08037093   0x08037093   0x00000001   PAD
    0x08037094   0x08037094   0x00000756   Data   RO         7838    .conststring        settings.o
    0x080377ea   0x080377ea   0x00000002   PAD
    0x080377ec   0x080377ec   0x000000ad   Data   RO         7917    .conststring        paint.o
    0x08037899   0x08037899   0x00000003   PAD
    0x0803789c   0x0803789c   0x00000049   Data   RO         7962    .conststring        wirelessplay.o
    0x080378e5   0x080378e5   0x00000003   PAD
    0x080378e8   0x080378e8   0x00000045   Data   RO         8004    .conststring        notepad.o
    0x0803792d   0x0803792d   0x00000003   PAD
    0x08037930   0x08037930   0x00000020   Data   RO         9677    Region$$Table       anon$$obj.o


    Execution Region RW_IRAM1 (Exec base: 0x20000000, Load base: 0x08037950, Size: 0x0000b1e8, Max: 0x0000c000, ABSOLUTE, COMPRESSED[0x00000238])

    Exec Addr    Load Addr    Size         Type   Attr      Idx    E Section Name        Object

    0x20000000   COMPRESSED   0x00000002   Data   RW           13    .data               main.o
    0x20000002   COMPRESSED   0x00000002   PAD
    0x20000004   COMPRESSED   0x00000014   Data   RW          451    .data               system_stm32f10x.o
    0x20000018   COMPRESSED   0x00000014   Data   RW         1360    .data               stm32f10x_rcc.o
    0x2000002c   COMPRESSED   0x00000004   Data   RW         2553    .data               delay.o
    0x20000030   COMPRESSED   0x00000002   Data   RW         2647    .data               usart.o
    0x20000032   COMPRESSED   0x00000002   PAD
    0x20000034   COMPRESSED   0x00000004   Data   RW         2648    .data               usart.o
    0x20000038   COMPRESSED   0x00000002   Data   RW         2687    .data               key.o
    0x2000003a   COMPRESSED   0x00000004   Data   RW         2727    .data               timer.o
    0x2000003e   COMPRESSED   0x00000004   Data   RW         2794    .data               lcd.o
    0x20000042   COMPRESSED   0x00000002   Data   RW         2979    .data               rtc.o
    0x20000044   COMPRESSED   0x00000002   Data   RW         3211    .data               flash.o
    0x20000046   COMPRESSED   0x00000002   PAD
    0x20000048   COMPRESSED   0x0000003c   Data   RW         3314    .data               touch.o
    0x20000084   COMPRESSED   0x00000001   Data   RW         3468    .data               ott2001a.o
    0x20000085   COMPRESSED   0x00000003   PAD
    0x20000088   COMPRESSED   0x00000008   Data   RW         3577    .data               remote.o
    0x20000090   COMPRESSED   0x00000001   Data   RW         3675    .data               mmc_sd.o
    0x20000091   COMPRESSED   0x00000001   Data   RW         3776    .data               gt9147.o
    0x20000092   COMPRESSED   0x00000007   Data   RW         3815    .data               ft5206.o
    0x20000099   COMPRESSED   0x00000003   PAD
    0x2000009c   COMPRESSED   0x00000014   Data   RW         3991    .data               malloc.o
    0x200000b0   COMPRESSED   0x00000008   Data   RW         4056    .data               diskio.o
    0x200000b8   COMPRESSED   0x0000000c   Data   RW         4187    .data               ff.o
    0x200000c4   COMPRESSED   0x00000014   Data   RW         4466    .data               exfuns.o
    0x200000d8   COMPRESSED   0x00000004   Data   RW         4467    .data               exfuns.o
    0x200000dc   COMPRESSED   0x00000004   Data   RW         4468    .data               exfuns.o
    0x200000e0   COMPRESSED   0x00000001   Data   RW         4824    .data               gif.o
    0x200000e1   COMPRESSED   0x00000003   PAD
    0x200000e4   COMPRESSED   0x0000000c   Data   RW         4984    .data               tjpgd.o
    0x200000f0   COMPRESSED   0x0000003c   Data   RW         5105    .data               os_core.o
    0x2000012c   COMPRESSED   0x00000004   Data   RW         5106    .data               os_core.o
    0x20000130   COMPRESSED   0x00000004   Data   RW         5107    .data               os_core.o
    0x20000134   COMPRESSED   0x00000008   Data   RW         5978    .data               filelistbox.o
    0x2000013c   COMPRESSED   0x0000000e   Data   RW         6158    .data               gui.o
    0x2000014a   COMPRESSED   0x00000001   Data   RW         6406    .data               listbox.o
    0x2000014b   COMPRESSED   0x00000001   Data   RW         6469    .data               memo.o
    0x2000014c   COMPRESSED   0x0000015c   Data   RW         7207    .data               t9input.o
    0x200002a8   COMPRESSED   0x00000004   Data   RW         7404    .data               common.o
    0x200002ac   COMPRESSED   0x00000004   Data   RW         7405    .data               common.o
    0x200002b0   COMPRESSED   0x00000004   Data   RW         7406    .data               common.o
    0x200002b4   COMPRESSED   0x00000004   Data   RW         7407    .data               common.o
    0x200002b8   COMPRESSED   0x0000000c   Data   RW         7408    .data               common.o
    0x200002c4   COMPRESSED   0x00000010   Data   RW         7711    .data               appplay.o
    0x200002d4   COMPRESSED   0x0000000d   Data   RW         7764    .data               calendar.o
    0x200002e1   COMPRESSED   0x00000001   PAD
    0x200002e2   COMPRESSED   0x0000000a   Data   RW         7839    .data               settings.o
    0x200002ec   COMPRESSED   0x00000030   Data   RW         7919    .data               paint.o
    0x2000031c   COMPRESSED   0x00000004   Data   RW         8043    .data               usb_core.o
    0x20000320   COMPRESSED   0x00000001   Data   RW         8148    .data               usb_init.o
    0x20000321   COMPRESSED   0x00000003   PAD
    0x20000324   COMPRESSED   0x0000000c   Data   RW         8149    .data               usb_init.o
    0x20000330   COMPRESSED   0x00000002   Data   RW         8151    .data               usb_init.o
    0x20000332   COMPRESSED   0x00000004   Data   RW         8174    .data               usb_int.o
    0x20000336   COMPRESSED   0x00000002   PAD
    0x20000338   COMPRESSED   0x00000008   Data   RW         8700    .data               mass_mal.o
    0x20000340   COMPRESSED   0x00000008   Data   RW         8701    .data               mass_mal.o
    0x20000348   COMPRESSED   0x00000038   Data   RW         8735    .data               memory.o
    0x20000380   COMPRESSED   0x00000005   Data   RW         8763    .data               scsi_data.o
    0x20000385   COMPRESSED   0x00000025   Data   RW         8764    .data               scsi_data.o
    0x200003aa   COMPRESSED   0x00000024   Data   RW         8765    .data               scsi_data.o
    0x200003ce   COMPRESSED   0x00000004   Data   RW         8766    .data               scsi_data.o
    0x200003d2   COMPRESSED   0x00000008   Data   RW         8767    .data               scsi_data.o
    0x200003da   COMPRESSED   0x00000012   Data   RW         8768    .data               scsi_data.o
    0x200003ec   COMPRESSED   0x00000008   Data   RW         8769    .data               scsi_data.o
    0x200003f4   COMPRESSED   0x0000000c   Data   RW         8770    .data               scsi_data.o
    0x20000400   COMPRESSED   0x00000010   Data   RW         8789    .data               usb_bot.o
    0x20000410   COMPRESSED   0x0000001a   Data   RW         8839    .data               usb_desc.o
    0x2000042a   COMPRESSED   0x00000004   Data   RW         8870    .data               usb_istr.o
    0x2000042e   COMPRESSED   0x00000002   PAD
    0x20000430   COMPRESSED   0x0000001c   Data   RW         8871    .data               usb_istr.o
    0x2000044c   COMPRESSED   0x0000001c   Data   RW         8872    .data               usb_istr.o
    0x20000468   COMPRESSED   0x0000006c   Data   RW         8903    .data               usb_prop.o
    0x200004d4   COMPRESSED   0x00000002   Data   RW         8904    .data               usb_prop.o
    0x200004d6   COMPRESSED   0x00000002   PAD
    0x200004d8   COMPRESSED   0x00000024   Data   RW         8905    .data               usb_prop.o
    0x200004fc   COMPRESSED   0x00000004   Data   RW         9002    .data               usb_pwr.o
    0x20000500   COMPRESSED   0x00000001   Data   RW         9003    .data               usb_pwr.o
    0x20000501   COMPRESSED   0x00000003   PAD
    0x20000504   COMPRESSED   0x00000008   Data   RW         9004    .data               usb_pwr.o
    0x2000050c   COMPRESSED   0x0000001c   Data   RW         9146    .data               ATKNCR_M_V2.0.lib(recognition.o)
    0x20000528   COMPRESSED   0x00000004   Data   RW         9616    .data               mc_w.l(errno.o)
    0x2000052c   COMPRESSED   0x00000004   PAD
    0x20000530        -       0x00000800   Zero   RW           12    .bss                main.o
    0x20000d30        -       0x000000c8   Zero   RW         2646    .bss                usart.o
    0x20000df8        -       0x0000000e   Zero   RW         2792    .bss                lcd.o
    0x20000e06        -       0x00000012   Zero   RW         3172    .bss                spi.o
    0x20000e18        -       0x00000100   Zero   RW         3852    .bss                lora.o
    0x20000f18        -       0x00008c00   Zero   RW         3986    .bss                malloc.o
    0x20009b18        -       0x000008c0   Zero   RW         3987    .bss                malloc.o
    0x2000a3d8        -       0x00000021   Zero   RW         4688    .bss                fontupd.o
    0x2000a3f9   COMPRESSED   0x00000003   PAD
    0x2000a3fc        -       0x0000003c   Zero   RW         4921    .bss                piclib.o
    0x2000a438        -       0x000007b8   Zero   RW         5101    .bss                os_core.o
    0x2000abf0        -       0x00000050   Zero   RW         5102    .bss                os_core.o
    0x2000ac40        -       0x00000078   Zero   RW         5103    .bss                os_core.o
    0x2000acb8        -       0x0000001d   Zero   RW         6146    .bss                gui.o
    0x2000acd5   COMPRESSED   0x00000001   PAD
    0x2000acd6        -       0x00000084   Zero   RW         7597    .bss                mainui.o
    0x2000ad5a        -       0x0000000a   Zero   RW         7757    .bss                calendar.o
    0x2000ad64        -       0x0000001c   Zero   RW         8147    .bss                usb_init.o
    0x2000ad80        -       0x00000010   Zero   RW         8699    .bss                mass_mal.o
    0x2000ad90        -       0x00000030   Zero   RW         8788    .bss                usb_bot.o
    0x2000adc0        -       0x00000028   Zero   RW         9144    .bss                ATKNCR_M_V2.0.lib(recognition.o)
    0x2000ade8        -       0x00000400   Zero   RW          507    STACK               startup_stm32f10x_hd.o


==============================================================================

Image component sizes


      Code (inc. data)   RO Data    RW Data    ZI Data      Debug   Object Name

       322          0          0          0          0       4336   24cxx.o
       316         44          0          0          0       1568   adc.o
      1608        230       1009         16          0       4330   appplay.o
        12          0          0          0          0       1304   atk_ncr.o
      1664         28          0          0          0       5222   bmp.o
      1630         18          0          0          0       9070   button.o
      4162        178        371         13         10       7918   calendar.o
      4058        296       1358         28          0      17058   common.o
         0          0          0          0          0         32   core_cm3.o
       596         70          0          0          0       4513   ctiic.o
       244         36          0          4          0     216577   delay.o
       474         46          0          8          0       6470   diskio.o
       564         46          0          0          0       4578   ds18b20.o
       864         40         50          0          0       1699   ebook.o
      1282         22        408         28          0       6551   exfuns.o
      8994        150         58         12          0      36436   ff.o
      4084        102        262          8          0      14965   filelistbox.o
       754         54          0          2          0       6477   flash.o
      1184        156        111          0         33       4418   fontupd.o
      1062         58         20          7          0       3777   ft5206.o
      2748         26         40          1          0      11965   gif.o
       842         64        194          1          0       3922   gt9147.o
      4334        158      25999         14         29      25702   gui.o
       484        132          0          0          0       5828   hw_config.o
       288         38          0          2          0       1670   key.o
     13374        228       6080          4         14      21734   lcd.o
        84         10          0          0          0        475   led.o
      1596         22          0          1          0       5930   listbox.o
       268         36          0          0        256      18754   lora.o
      5056       1268          0          2       2048     296363   main.o
       852         52        493          0        132       3618   mainui.o
       368         34          0         20      38080       5597   malloc.o
       112          0          0         16         16       2355   mass_mal.o
      1972         18          0          1          0       9184   memo.o
       524         42          0         56          0       2407   memory.o
       144         16          0          0          0       1805   misc.o
      1192         32          0          1          0      10267   mmc_sd.o
       148         14        960          0          0       1567   mycc936.o
       612         70          0          0          0       3946   myiic.o
      1276        112         93          0          0       2456   notepad.o
      1394        160        256         68       2176      16783   os_core.o
       180         36          0          0          0        300   os_cpu_a.o
       130          0          0          0          0      12259   os_cpu_c.o
        72         12          0          0          0        530   os_flag.o
        68         10          0          0          0        503   os_q.o
       786         78          0          0          0       4887   os_task.o
       104         22          0          0          0        548   os_time.o
       740         56         10          1          0       4432   ott2001a.o
      2672        176        213         48          0       5613   paint.o
       568         52          0          0         60       5158   piclib.o
       988         46          0          0          0       2139   picviewer.o
      1478          8         55          0          0       6810   progressbar.o
       130          6      22895          0          0      21447   pyinput.o
       488         24          0          8          0       2170   remote.o
      1046         68         24          2          0       5065   rtc.o
      1402         10         48          0          0       5332   scrollbar.o
         0          0          0        128          0        978   scsi_data.o
      5936        436       2430         10          0      11913   settings.o
       240         28          0          0         18       1737   spi.o
        36          8        304          0       1024        760   startup_stm32f10x_hd.o
       364         22          0          0          0       7650   stm32f10x_adc.o
        50          8          0          0          0       2444   stm32f10x_bkp.o
       124         10          0          0          0       1365   stm32f10x_exti.o
       252          6          0          0          0       3266   stm32f10x_gpio.o
        12          6          0          0          0        450   stm32f10x_pwr.o
       360         68          0         20          0       7538   stm32f10x_rcc.o
       228         50          0          0          0       5050   stm32f10x_rtc.o
        98          0          0          0          0       3394   stm32f10x_spi.o
       884        106          0          0          0      10587   stm32f10x_tim.o
       332          6          0          0          0       5385   stm32f10x_usart.o
       248         24          0         20          0       1585   system_stm32f10x.o
      3710         76        327        348          0      16356   t9input.o
       506         16          0          0          0       2619   text.o
       188         14          0          4          0       1339   timer.o
      3604        104       1216         12          0      17105   tjpgd.o
      2536        194        133         60          0       9007   touch.o
       292         28          0          6        200       3492   usart.o
       810         74          0         16         48       4627   usb_bot.o
      2186        284          0          4          0      12483   usb_core.o
         0          0        128         26          0        888   usb_desc.o
         8          0          0          0          0        793   usb_endp.o
        40         18          0         15         28       3802   usb_init.o
       344         30          0          4          0       1388   usb_int.o
       188         22          0         60          0       1328   usb_istr.o
        72         10          0          0          0       1340   usb_mem.o
       602        126          0        146          0      10250   usb_prop.o
       248         34          0         13          0       3248   usb_pwr.o
       570        102          0          0          0       7662   usb_regs.o
       872        130          0          0          0       8192   usb_scsi.o
       106          8          0          0          0       1678   usb_sil.o
      1284        212          0          0          0       1071   usbplay.o
         4          0          0          0          0        375   uwb.o
      1638         42          0          0          0       5556   window.o
      1016         56        109          0          0       2648   wirelessplay.o

    ----------------------------------------------------------------------
    112508       7068      65740       1292      44176    1068169   Object Totals
         0          0         32          0          0          0   (incl. Generated)
       126          0         54         28          4          0   (incl. Padding)

    ----------------------------------------------------------------------

      Code (inc. data)   RO Data    RW Data    ZI Data      Debug   Library Member Name

      7104        142      33934         28         40      12863   recognition.o
       156          8          0          0          0        104   cos.o
       252         22         48          0          0        124   cos_i.o
        34          6          0          0          0        204   dunder.o
        40          0          0          0          0         68   fpclassify.o
        38          0          0          0          0         68   fpclassifyf.o
        42          0          0          0          0        340   funder.o
       170          0          0          0          0         96   poly.o
      1508         76        320          0          0        224   powf.o
       904         76        200          0          0        140   rred.o
       160         10          0          0          0        108   sin.o
       236         12         40          0          0        128   sin_i.o
        76          0          0          0          0         84   sqrt.o
        86          0          0          0          0          0   __dczerorl2.o
         0          0          0          0          0          0   entry.o
         0          0          0          0          0          0   entry10a.o
         0          0          0          0          0          0   entry11a.o
         8          4          0          0          0          0   entry2.o
         4          0          0          0          0          0   entry5.o
         0          0          0          0          0          0   entry7b.o
         0          0          0          0          0          0   entry8b.o
         8          4          0          0          0          0   entry9a.o
        12          6          0          4          0         68   errno.o
        30          0          0          0          0          0   handlers.o
        36          8          0          0          0         68   init.o
         0          0          0          0          0          0   iusefp.o
        98          0          0          0          0         84   ldiv.o
        30          0          0          0          0         68   llshl.o
        36          0          0          0          0         68   llsshr.o
        32          0          0          0          0         68   llushr.o
        36          0          0          0          0         68   memcpya.o
      1266         64          0          0          0        656   printf8.o
        24          0          0          0          0         68   strcat.o
        28          0          0          0          0         76   strcmp.o
        18          0          0          0          0         68   strcpy.o
        14          0          0          0          0         68   strlen.o
        36          0          0          0          0         80   strstr.o
        98          0          0          0          0         92   uldiv.o
        48          0          0          0          0         68   cdcmple.o
        20          0          0          0          0         68   cfcmple.o
        56          0          0          0          0         88   d2f.o
       334          0          0          0          0        148   dadd.o
       222          0          0          0          0        100   ddiv.o
       186          0          0          0          0        176   depilogue.o
        62          0          0          0          0         80   dfixi.o
        50          0          0          0          0         76   dfixui.o
        34          0          0          0          0         76   dflti.o
        26          0          0          0          0         76   dfltui.o
       228          0          0          0          0         96   dmul.o
        46          0          0          0          0         80   dscalb.o
       162          0          0          0          0        100   dsqrt.o
        38          0          0          0          0         68   f2d.o
       176          0          0          0          0        140   fadd.o
       124          0          0          0          0         88   fdiv.o
       110          0          0          0          0        168   fepilogue.o
        50          0          0          0          0         68   ffixi.o
        76          0          0          0          0         76   ffixir.o
        40          0          0          0          0         68   ffixui.o
        18          0          0          0          0         68   fflti.o
        10          0          0          0          0         68   ffltui.o
       100          0          0          0          0         76   fmul.o
        24          0          0          0          0         68   fscalb.o

    ----------------------------------------------------------------------
     14868        438      34548         32         44      18339   Library Totals
         8          0          6          0          4          0   (incl. Padding)

    ----------------------------------------------------------------------

      Code (inc. data)   RO Data    RW Data    ZI Data      Debug   Library Name

      7104        142      33934         28         40      12863   ATKNCR_M_V2.0.lib
      3616        210        608          0          0       1688   m_ws.l
      1900         86          0          4          0       1600   mc_w.l
      2240          0          0          0          0       2188   mf_w.l

    ----------------------------------------------------------------------
     14868        438      34548         32         44      18339   Library Totals

    ----------------------------------------------------------------------

==============================================================================


      Code (inc. data)   RO Data    RW Data    ZI Data      Debug   

    127376       7506     100288       1324      44220    1047792   Grand Totals
    127376       7506     100288        568      44220    1047792   ELF Image Totals (compressed)
    127376       7506     100288        568          0          0   ROM Totals

==============================================================================

    Total RO  Size (Code + RO Data)               227664 ( 222.33kB)
    Total RW  Size (RW Data + ZI Data)             45544 (  44.48kB)
    Total ROM Size (Code + RO Data + RW Data)     228232 ( 222.88kB)

==============================================================================

